
> users-moririn-mori-lab-projects-dokoiko-site@0.0.1 prebuild
> node scripts/copyData.js

✅ destinations.json → public/data/destinations.json

> users-moririn-mori-lab-projects-dokoiko-site@0.0.1 build
> astro build

20:47:50 [types] Generated 46ms
20:47:50 [build] output: "static"
20:47:50 [build] mode: "static"
20:47:50 [build] directory: /Users/moririn/MORI-LAB/projects/dokoiko-site/dist/
20:47:50 [build] Collecting build info...
20:47:50 [build] ✓ Completed in 57ms.
20:47:51 [build] Building static entrypoints...
20:47:52 [vite] ✓ built in 745ms
20:47:58 [vite] ✓ built in 5.77s
20:47:58 [build] Rearranging server assets...

 generating static routes 
20:47:58   ├─ /404.html (+6ms) 
20:47:58   ├─ /about/index.html (+3ms) 
20:47:58   ├─ /contact/index.html (+1ms) 
20:47:58   ├─ /destinations/kamakura/index.html (+15ms) 
20:47:58   ├─ /destinations/atami/index.html (+5ms) 
20:47:58   ├─ /destinations/nikko/index.html (+10ms) 
20:47:58   ├─ /destinations/karuizawa/index.html (+4ms) 
20:47:58   ├─ /destinations/fujikawaguchiko/index.html (+3ms) 
20:47:58   ├─ /destinations/nara/index.html (+3ms) 
20:47:58   ├─ /destinations/ishigaki/index.html (+3ms) 
20:47:58   ├─ /destinations/ise/index.html (+3ms) 
20:47:58   ├─ /destinations/beppu/index.html (+3ms) 
20:47:58   ├─ /destinations/otaru/index.html (+3ms) 
20:47:58   ├─ /destinations/furano/index.html (+3ms) 
20:47:58   ├─ /destinations/matsushima/index.html (+3ms) 
20:47:58   ├─ /destinations/miyajima/index.html (+3ms) 
20:47:58   ├─ /destinations/onomichi/index.html (+3ms) 
20:47:58   ├─ /destinations/shodoshima/index.html (+2ms) 
20:47:58   ├─ /destinations/mihonoseki/index.html (+2ms) 
20:47:58   ├─ /destinations/ryujin-onsen/index.html (+2ms) 
20:47:58   ├─ /destinations/tokashiki-jima/index.html (+3ms) 
20:47:58   ├─ /destinations/kumejima/index.html (+3ms) 
20:47:58   ├─ /destinations/miyakojima/index.html (+2ms) 
20:47:58   ├─ /destinations/kouzushima/index.html (+2ms) 
20:47:58   ├─ /destinations/hakone/index.html (+2ms) 
20:47:58   ├─ /destinations/shuzenji/index.html (+2ms) 
20:47:58   ├─ /destinations/kusatsu-onsen/index.html (+2ms) 
20:47:58   ├─ /destinations/shimoda/index.html (+4ms) 
20:47:58   ├─ /destinations/izu-oshima/index.html (+2ms) 
20:47:58   ├─ /destinations/shirakawago-t/index.html (+2ms) 
20:47:58   ├─ /destinations/arima-onsen/index.html (+3ms) 
20:47:58   ├─ /destinations/kinosaki-onsen/index.html (+2ms) 
20:47:58   ├─ /destinations/kurashiki-o/index.html (+2ms) 
20:47:58   ├─ /destinations/shirahama-o/index.html (+2ms) 
20:47:58   ├─ /destinations/takayama-o/index.html (+2ms) 
20:47:58   ├─ /destinations/toba/index.html (+2ms) 
20:47:58   ├─ /destinations/yufuin/index.html (+2ms) 
20:47:58   ├─ /destinations/kurokawa-k/index.html (+3ms) 
20:47:58   ├─ /destinations/aso/index.html (+2ms) 
20:47:58   ├─ /destinations/yakushima/index.html (+2ms) 
20:47:58   ├─ /destinations/amakusa/index.html (+2ms) 
20:47:58   ├─ /destinations/hiraizumi/index.html (+2ms) 
20:47:58   ├─ /destinations/kakunodate/index.html (+2ms) 
20:47:58   ├─ /destinations/aizu/index.html (+2ms) 
20:47:58   ├─ /destinations/zaosan/index.html (+2ms) 
20:47:58   ├─ /destinations/hagi/index.html (+2ms) 
20:47:58   ├─ /destinations/shimonoseki/index.html (+2ms) 
20:47:58   ├─ /destinations/naoshima/index.html (+2ms) 
20:47:58   ├─ /destinations/kotohira/index.html (+2ms) 
20:47:58   ├─ /destinations/uwajima/index.html (+4ms) 
20:47:58   ├─ /destinations/toyako/index.html (+3ms) 
20:47:58   ├─ /destinations/noboribetsu/index.html (+3ms) 
20:47:58   ├─ /destinations/shiretoko/index.html (+2ms) 
20:47:58   ├─ /destinations/wajima/index.html (+2ms) 
20:47:58   ├─ /destinations/kaga-onsen/index.html (+2ms) 
20:47:58   ├─ /destinations/hakuba/index.html (+2ms) 
20:47:58   ├─ /destinations/amanohashidate/index.html (+2ms) 
20:47:58   ├─ /destinations/ine/index.html (+3ms) 
20:47:58   ├─ /destinations/ibusuki/index.html (+2ms) 
20:47:58   ├─ /destinations/sasebo/index.html (+2ms) 
20:47:58   ├─ /destinations/hirado/index.html (+2ms) 
20:47:58   ├─ /destinations/tottori/index.html (+2ms) 
20:47:58   ├─ /destinations/akita/index.html (+3ms) 
20:47:58   ├─ /destinations/awaji/index.html (+2ms) 
20:47:58   ├─ /destinations/takao/index.html (+2ms) 
20:47:58   ├─ /destinations/tateyama-chiba/index.html (+2ms) 
20:47:58   ├─ /destinations/gokayama/index.html (+2ms) 
20:47:58   ├─ /destinations/jozankei/index.html (+2ms) 
20:47:58   ├─ /destinations/biei/index.html (+2ms) 
20:47:58   ├─ /destinations/miyako-iwate/index.html (+2ms) 
20:47:58   ├─ /destinations/sakata/index.html (+2ms) 
20:47:58   ├─ /destinations/takachiho/index.html (+2ms) 
20:47:58   ├─ /destinations/amami/index.html (+3ms) 
20:47:58   ├─ /destinations/goto/index.html (+2ms) 
20:47:58   ├─ /destinations/unzen/index.html (+2ms) 
20:47:58   ├─ /destinations/ashizuri/index.html (+2ms) 
20:47:58   ├─ /destinations/oboke/index.html (+2ms) 
20:47:58   ├─ /destinations/tsuwano/index.html (+2ms) 
20:47:58   ├─ /destinations/inuyama/index.html (+2ms) 
20:47:58   ├─ /destinations/kiso/index.html (+2ms) 
20:47:58   ├─ /destinations/miyama/index.html (+2ms) 
20:47:58   ├─ /destinations/tateyama-kurobe/index.html (+2ms) 
20:47:58   ├─ /destinations/himi/index.html (+2ms) 
20:47:58   ├─ /destinations/nyuto-onsen/index.html (+2ms) 
20:47:58   ├─ /destinations/yuda-onsen/index.html (+2ms) 
20:47:58   ├─ /destinations/ureshino-onsen/index.html (+2ms) 
20:47:58   ├─ /destinations/obuse/index.html (+2ms) 
20:47:58   ├─ /destinations/uchiko/index.html (+2ms) 
20:47:58   ├─ /destinations/muroto/index.html (+2ms) 
20:47:58   ├─ /destinations/iya/index.html (+2ms) 
20:47:58   ├─ /destinations/oku-izumo/index.html (+2ms) 
20:47:58   ├─ /destinations/ginzan-onsen/index.html (+2ms) 
20:47:58   ├─ /destinations/ouchi-juku/index.html (+2ms) 
20:47:58   ├─ /destinations/nozawa-onsen/index.html (+2ms) 
20:47:58   ├─ /destinations/takehara/index.html (+3ms) 
20:47:58   ├─ /destinations/tsumago/index.html (+2ms) 
20:47:58   ├─ /destinations/magome/index.html (+2ms) 
20:47:58   ├─ /destinations/nagahama/index.html (+2ms) 
20:47:58   ├─ /destinations/hikone/index.html (+2ms) 
20:47:58   ├─ /destinations/koyasan/index.html (+2ms) 
20:47:58   ├─ /destinations/gero-onsen/index.html (+2ms) 
20:47:58   ├─ /destinations/naruko-onsen/index.html (+2ms) 
20:47:58   ├─ /destinations/shima-onsen/index.html (+2ms) 
20:47:58   ├─ /destinations/hirosaki/index.html (+2ms) 
20:47:58   ├─ /destinations/oirase/index.html (+2ms) 
20:47:58   ├─ /destinations/mashiko/index.html (+2ms) 
20:47:58   ├─ /destinations/bessho-onsen/index.html (+2ms) 
20:47:58   ├─ /destinations/izushi/index.html (+2ms) 
20:47:58   ├─ /destinations/wakura-onsen/index.html (+2ms) 
20:47:58   ├─ /destinations/misasa-onsen/index.html (+2ms) 
20:47:58   ├─ /destinations/obi/index.html (+2ms) 
20:47:58   ├─ /destinations/hitoyoshi/index.html (+2ms) 
20:47:58   ├─ /destinations/kamikochi/index.html (+2ms) 
20:47:58   ├─ /destinations/minakami-onsen/index.html (+2ms) 
20:47:58   ├─ /destinations/minami-aso/index.html (+2ms) 
20:47:58   ├─ /destinations/imabari/index.html (+2ms) 
20:47:58   ├─ /destinations/ozu/index.html (+2ms) 
20:47:58   ├─ /destinations/shakotan/index.html (+3ms) 
20:47:58   ├─ /destinations/izumo/index.html (+2ms) 
20:47:58   ├─ /destinations/suzu/index.html (+2ms) 
20:47:58   ├─ /destinations/yoshino/index.html (+2ms) 
20:47:58   ├─ /destinations/kumano/index.html (+2ms) 
20:47:58   ├─ /destinations/iriomote/index.html (+2ms) 
20:47:58   ├─ /destinations/takahashi/index.html (+2ms) 
20:47:58   ├─ /destinations/hida-furukawa/index.html (+2ms) 
20:47:58   ├─ /destinations/bungo-takada/index.html (+2ms) 
20:47:58   ├─ /destinations/izu-kogen/index.html (+2ms) 
20:47:58   ├─ /destinations/tanabe/index.html (+2ms) 
20:47:58   ├─ /destinations/tosa-shimizu/index.html (+2ms) 
20:47:58   ├─ /destinations/nichinan/index.html (+2ms) 
20:47:58   ├─ /destinations/mojiko/index.html (+2ms) 
20:47:58   ├─ /destinations/itoshima/index.html (+2ms) 
20:47:58   ├─ /destinations/shimabara/index.html (+2ms) 
20:47:58   ├─ /destinations/tsuruga/index.html (+2ms) 
20:47:58   ├─ /destinations/sounkyo/index.html (+2ms) 
20:47:58   ├─ /destinations/rebun-island/index.html (+2ms) 
20:47:58   ├─ /destinations/rishiri-island/index.html (+2ms) 
20:47:58   ├─ /destinations/akan/index.html (+2ms) 
20:47:58   ├─ /destinations/abashiri/index.html (+2ms) 
20:47:58   ├─ /destinations/shikotsu/index.html (+2ms) 
20:47:58   ├─ /destinations/tono/index.html (+3ms) 
20:47:58   ├─ /destinations/oga/index.html (+2ms) 
20:47:58   ├─ /destinations/yonezawa/index.html (+2ms) 
20:47:58   ├─ /destinations/dewa-sanzan/index.html (+2ms) 
20:47:58   ├─ /destinations/sakunami-onsen/index.html (+2ms) 
20:47:58   ├─ /destinations/goshogawara/index.html (+2ms) 
20:47:58   ├─ /destinations/kawagoe/index.html (+2ms) 
20:47:58   ├─ /destinations/nasu/index.html (+2ms) 
20:47:58   ├─ /destinations/choshi/index.html (+2ms) 
20:47:58   ├─ /destinations/ashikaga/index.html (+2ms) 
20:47:58   ├─ /destinations/shiobara-onsen/index.html (+2ms) 
20:47:58   ├─ /destinations/sado-island/index.html (+2ms) 
20:47:58   ├─ /destinations/kiyosato/index.html (+2ms) 
20:47:58   ├─ /destinations/tenryu-gorge/index.html (+2ms) 
20:47:58   ├─ /destinations/suwa/index.html (+2ms) 
20:47:58   ├─ /destinations/eiheiji/index.html (+2ms) 
20:47:58   ├─ /destinations/wakasa-obama/index.html (+2ms) 
20:47:58   ├─ /destinations/okuhida-onsen/index.html (+2ms) 
20:47:58   ├─ /destinations/minami-izu/index.html (+2ms) 
20:47:58   ├─ /destinations/echizen/index.html (+2ms) 
20:47:58   ├─ /destinations/ito/index.html (+2ms) 
20:47:58   ├─ /destinations/iga/index.html (+2ms) 
20:47:58   ├─ /destinations/kashihara/index.html (+2ms) 
20:47:58   ├─ /destinations/totsukawa/index.html (+3ms) 
20:47:58   ├─ /destinations/maizuru/index.html (+2ms) 
20:47:58   ├─ /destinations/asuka/index.html (+2ms) 
20:47:58   ├─ /destinations/daisen/index.html (+2ms) 
20:47:58   ├─ /destinations/yunotsu-onsen/index.html (+2ms) 
20:47:58   ├─ /destinations/iwami-ginzan/index.html (+2ms) 
20:47:58   ├─ /destinations/iwakuni/index.html (+2ms) 
20:47:58   ├─ /destinations/kurayoshi/index.html (+2ms) 
20:47:58   ├─ /destinations/suo-oshima/index.html (+2ms) 
20:47:58   ├─ /destinations/shimanto/index.html (+2ms) 
20:47:58   ├─ /destinations/kashiwajima/index.html (+2ms) 
20:47:58   ├─ /destinations/saijo/index.html (+2ms) 
20:47:58   ├─ /destinations/ainan/index.html (+2ms) 
20:47:58   ├─ /destinations/taketa/index.html (+2ms) 
20:47:58   ├─ /destinations/usuki/index.html (+2ms) 
20:47:58   ├─ /destinations/hita/index.html (+2ms) 
20:47:58   ├─ /destinations/hasami/index.html (+2ms) 
20:47:58   ├─ /destinations/takeo-onsen/index.html (+2ms) 
20:47:58   ├─ /destinations/kitsuki/index.html (+2ms) 
20:47:58   ├─ /destinations/tsushima/index.html (+2ms) 
20:47:58   ├─ /destinations/iki-island/index.html (+2ms) 
20:47:58   ├─ /destinations/tanegashima/index.html (+2ms) 
20:47:58   ├─ /destinations/kikuchi/index.html (+2ms) 
20:47:58   ├─ /destinations/taketomi-island/index.html (+3ms) 
20:47:58   ├─ /destinations/yonaguni-island/index.html (+2ms) 
20:47:58   ├─ /destinations/nakijin/index.html (+2ms) 
20:47:58   ├─ /destinations/motobu/index.html (+2ms) 
20:47:58   ├─ /destinations/zamami-island/index.html (+2ms) 
20:47:58   ├─ /destinations/ie-island/index.html (+2ms) 
20:47:58   ├─ /destinations/kohama-island/index.html (+2ms) 
20:47:58   ├─ /destinations/matsushiro/index.html (+2ms) 
20:47:58   ├─ /destinations/iiyama/index.html (+2ms) 
20:47:58   ├─ /destinations/yakake/index.html (+2ms) 
20:47:58   ├─ /destinations/tsuyama/index.html (+2ms) 
20:47:58   ├─ /destinations/tsurugi-san/index.html (+2ms) 
20:47:58   ├─ /destinations/nobeoka/index.html (+2ms) 
20:47:58   ├─ /destinations/kamaishi/index.html (+2ms) 
20:47:58   ├─ /destinations/ofunato/index.html (+2ms) 
20:47:58   ├─ /destinations/kuji/index.html (+2ms) 
20:47:58   ├─ /destinations/wakkanai/index.html (+2ms) 
20:47:58   ├─ /destinations/obihiro/index.html (+2ms) 
20:47:58   ├─ /destinations/rausu/index.html (+2ms) 
20:47:58   ├─ /destinations/esashi-hokkaido/index.html (+2ms) 
20:47:58   ├─ /destinations/hanamaki/index.html (+2ms) 
20:47:58   ├─ /destinations/hachimantai/index.html (+2ms) 
20:47:58   ├─ /destinations/tazawako/index.html (+2ms) 
20:47:58   ├─ /destinations/yamadera/index.html (+3ms) 
20:47:58   ├─ /destinations/kesennuma/index.html (+2ms) 
20:47:58   ├─ /destinations/ikaho/index.html (+2ms) 
20:47:58   ├─ /destinations/enoshima/index.html (+2ms) 
20:47:58   ├─ /destinations/chichibu/index.html (+2ms) 
20:47:58   ├─ /destinations/oarai/index.html (+2ms) 
20:47:58   ├─ /destinations/sano/index.html (+2ms) 
20:47:58   ├─ /destinations/gujo-hachiman/index.html (+2ms) 
20:47:58   ├─ /destinations/narai-juku/index.html (+2ms) 
20:47:58   ├─ /destinations/itoigawa/index.html (+2ms) 
20:47:58   ├─ /destinations/murakami/index.html (+2ms) 
20:47:58   ├─ /destinations/shima/index.html (+2ms) 
20:47:58   ├─ /destinations/ogaki/index.html (+2ms) 
20:47:58   ├─ /destinations/echizen-kaigan/index.html (+2ms) 
20:47:58   ├─ /destinations/myoko-kogen/index.html (+2ms) 
20:47:58   ├─ /destinations/nagaoka/index.html (+2ms) 
20:47:58   ├─ /destinations/tanba-sasayama/index.html (+2ms) 
20:47:58   ├─ /destinations/nachikatsuura/index.html (+2ms) 
20:47:58   ├─ /destinations/kumano-hongu/index.html (+2ms) 
20:47:58   ├─ /destinations/ako/index.html (+2ms) 
20:47:58   ├─ /destinations/fushimi/index.html (+2ms) 
20:47:58   ├─ /destinations/tomonoura/index.html (+2ms) 
20:47:58   ├─ /destinations/sakaiminato/index.html (+2ms) 
20:47:58   ├─ /destinations/ushimado/index.html (+3ms) 
20:47:58   ├─ /destinations/kasaoka/index.html (+2ms) 
20:47:58   ├─ /destinations/tsunoshima/index.html (+2ms) 
20:47:58   ├─ /destinations/marugame/index.html (+2ms) 
20:47:58   ├─ /destinations/misaki-sadamisaki/index.html (+2ms) 
20:47:58   ├─ /destinations/yanagawa/index.html (+2ms) 
20:47:58   ├─ /destinations/hyuga/index.html (+2ms) 
20:47:58   ├─ /destinations/koshikijima/index.html (+2ms) 
20:47:58   ├─ /destinations/kirishima/index.html (+2ms) 
20:47:58   ├─ /destinations/ebino-kogen/index.html (+2ms) 
20:47:58   ├─ /destinations/onna/index.html (+2ms) 
20:47:58   ├─ /destinations/nago/index.html (+2ms) 
20:47:58   ├─ /destinations/yomitanson/index.html (+2ms) 
20:47:58   ├─ /destinations/niseko/index.html (+2ms) 
20:47:58   ├─ /destinations/daisetsuzan/index.html (+2ms) 
20:47:58   ├─ /destinations/shiraoi/index.html (+2ms) 
20:47:58   ├─ /destinations/tomamu/index.html (+2ms) 
20:47:58   ├─ /destinations/towada/index.html (+2ms) 
20:47:58   ├─ /destinations/osorezan/index.html (+2ms) 
20:47:58   ├─ /destinations/urabandai/index.html (+2ms) 
20:47:58   ├─ /destinations/minami-sanriku/index.html (+2ms) 
20:47:58   ├─ /destinations/kitakami/index.html (+2ms) 
20:47:58   ├─ /destinations/kinugawa-onsen/index.html (+2ms) 
20:47:58   ├─ /destinations/oze/index.html (+3ms) 
20:47:58   ├─ /destinations/tsukuba/index.html (+2ms) 
20:47:58   ├─ /destinations/kasama/index.html (+2ms) 
20:47:58   ├─ /destinations/naritasan/index.html (+2ms) 
20:47:58   ├─ /destinations/kujukuri/index.html (+2ms) 
20:47:58   ├─ /destinations/miura/index.html (+2ms) 
20:47:58   ├─ /destinations/oku-tama/index.html (+2ms) 
20:47:58   ├─ /destinations/jigokudani/index.html (+2ms) 
20:47:58   ├─ /destinations/tateshina/index.html (+2ms) 
20:47:58   ├─ /destinations/echigo-yuzawa/index.html (+2ms) 
20:47:58   ├─ /destinations/fujinomiya/index.html (+2ms) 
20:47:58   ├─ /destinations/norikura/index.html (+2ms) 
20:47:58   ├─ /destinations/tokoname/index.html (+2ms) 
20:47:58   ├─ /destinations/korankei/index.html (+2ms) 
20:47:58   ├─ /destinations/minamichita/index.html (+2ms) 
20:47:58   ├─ /destinations/arashiyama/index.html (+2ms) 
20:47:58   ├─ /destinations/shigaraki/index.html (+2ms) 
20:47:58   ├─ /destinations/dorogawa-onsen/index.html (+2ms) 
20:47:58   ├─ /destinations/matsusaka/index.html (+2ms) 
20:47:58   ├─ /destinations/sakai/index.html (+2ms) 
20:47:58   ├─ /destinations/ama-island/index.html (+2ms) 
20:47:58   ├─ /destinations/akiyoshidai/index.html (+2ms) 
20:47:58   ├─ /destinations/yanai/index.html (+2ms) 
20:47:58   ├─ /destinations/oki-island/index.html (+3ms) 
20:47:58   ├─ /destinations/inujima/index.html (+2ms) 
20:47:58   ├─ /destinations/teshima/index.html (+2ms) 
20:47:58   ├─ /destinations/niyodogawa/index.html (+2ms) 
20:47:58   ├─ /destinations/yusuhara/index.html (+2ms) 
20:47:58   ├─ /destinations/anan/index.html (+2ms) 
20:47:58   ├─ /destinations/shikoku-karst/index.html (+2ms) 
20:47:58   ├─ /destinations/aoshima/index.html (+2ms) 
20:47:58   ├─ /destinations/yamaga/index.html (+2ms) 
20:47:58   ├─ /destinations/yoshinogari/index.html (+2ms) 
20:47:58   ├─ /destinations/kunisaki/index.html (+2ms) 
20:47:58   ├─ /destinations/chiran/index.html (+3ms) 
20:47:58   ├─ /destinations/ojika-island/index.html (+2ms) 
20:47:58   ├─ /destinations/irabu-island/index.html (+2ms) 
20:47:58   ├─ /destinations/aguni-island/index.html (+2ms) 
20:47:58   ├─ /destinations/itoman/index.html (+2ms) 
20:47:58   ├─ /destinations/kijoka/index.html (+2ms) 
20:47:58   ├─ /destinations/miyakejima/index.html (+2ms) 
20:47:58   ├─ /destinations/hachijojima/index.html (+2ms) 
20:47:58   ├─ /destinations/niijima/index.html (+2ms) 
20:47:58   ├─ /destinations/shikinejima/index.html (+2ms) 
20:47:58   ├─ /destinations/shirakawa/index.html (+2ms) 
20:47:58   ├─ /destinations/kitakata/index.html (+3ms) 
20:47:58   ├─ /destinations/koriyama/index.html (+2ms) 
20:47:58   ├─ /destinations/ryusendo/index.html (+2ms) 
20:47:58   ├─ /destinations/ichinoseki/index.html (+2ms) 
20:47:58   ├─ /destinations/akita-oga/index.html (+2ms) 
20:47:58   ├─ /destinations/kisakata/index.html (+2ms) 
20:47:58   ├─ /destinations/gassan/index.html (+2ms) 
20:47:58   ├─ /destinations/higashine/index.html (+2ms) 
20:47:58   ├─ /destinations/akakura-onsen/index.html (+2ms) 
20:47:58   ├─ /destinations/yugawara-onsen/index.html (+2ms) 
20:47:58   ├─ /destinations/yokosuka/index.html (+2ms) 
20:47:58   ├─ /destinations/mishima/index.html (+2ms) 
20:47:58   ├─ /destinations/numazu/index.html (+2ms) 
20:47:58   ├─ /destinations/hamamatsu/index.html (+2ms) 
20:47:58   ├─ /destinations/kakegawa/index.html (+2ms) 
20:47:58   ├─ /destinations/okazaki/index.html (+2ms) 
20:47:58   ├─ /destinations/toyohashi/index.html (+2ms) 
20:47:58   ├─ /destinations/tajimi/index.html (+2ms) 
20:47:58   ├─ /destinations/togakushi/index.html (+2ms) 
20:47:58   ├─ /destinations/omihachiman/index.html (+2ms) 
20:47:58   ├─ /destinations/takarazuka/index.html (+2ms) 
20:47:58   ├─ /destinations/akashi/index.html (+2ms) 
20:47:58   ├─ /destinations/naruto/index.html (+2ms) 
20:47:58   ├─ /destinations/innoshima/index.html (+3ms) 
20:47:58   ├─ /destinations/mihara/index.html (+2ms) 
20:47:58   ├─ /destinations/hofu/index.html (+2ms) 
20:47:58   ├─ /destinations/karatsu/index.html (+2ms) 
20:47:58   ├─ /destinations/dazaifu/index.html (+2ms) 
20:47:58   ├─ /destinations/nakatsu/index.html (+2ms) 
20:47:58   ├─ /destinations/nemuro/index.html (+2ms) 
20:47:58   ├─ /destinations/muroran/index.html (+2ms) 
20:47:58   ├─ /destinations/tomakomai/index.html (+2ms) 
20:47:58   ├─ /destinations/ishinomaki/index.html (+2ms) 
20:47:58   ├─ /destinations/hitachi/index.html (+2ms) 
20:47:58   ├─ /destinations/kashima/index.html (+2ms) 
20:47:58   ├─ /destinations/shiraoishi/index.html (+2ms) 
20:47:58   ├─ /destinations/tendou/index.html (+2ms) 
20:47:58   ├─ /destinations/shonai/index.html (+2ms) 
20:47:58   ├─ /destinations/rikuzentakata/index.html (+2ms) 
20:47:58   ├─ /destinations/sanriku-miyako/index.html (+2ms) 
20:47:58   ├─ /destinations/mizusawa/index.html (+2ms) 
20:47:58   ├─ /destinations/ichinoseki-geibikei/index.html (+2ms) 
20:47:58   ├─ /destinations/akita-semboku/index.html (+2ms) 
20:47:58   ├─ /destinations/sagae/index.html (+1ms) 
20:47:58   ├─ /destinations/nanao/index.html (+2ms) 
20:47:58   ├─ /destinations/fukuchiyama/index.html (+2ms) 
20:47:58   ├─ /destinations/koka/index.html (+3ms) 
20:47:58   ├─ /destinations/tondabayashi/index.html (+2ms) 
20:47:58   ├─ /destinations/kishiwada/index.html (+2ms) 
20:47:58   ├─ /destinations/nagi/index.html (+2ms) 
20:47:58   ├─ /destinations/higashihiroshima/index.html (+2ms) 
20:47:58   ├─ /destinations/fukuyama/index.html (+2ms) 
20:47:58   ├─ /destinations/otoyo/index.html (+2ms) 
20:47:58   ├─ /destinations/sukumo/index.html (+2ms) 
20:47:58   ├─ /destinations/miyoshi-tokushima/index.html (+2ms) 
20:47:58   ├─ /destinations/yuwaku-onsen/index.html (+2ms) 
20:47:58   ├─ /destinations/yura-wakayama/index.html (+2ms) 
20:47:58   ├─ /destinations/kitakyushu/index.html (+2ms) 
20:47:58   ├─ /destinations/asakura/index.html (+2ms) 
20:47:58   ├─ /destinations/ebino/index.html (+2ms) 
20:47:58   ├─ /destinations/hitoyoshi-city/index.html (+2ms) 
20:47:58   ├─ /destinations/minamikyushu/index.html (+2ms) 
20:47:58   ├─ /destinations/minamiosumi/index.html (+2ms) 
20:47:58   ├─ /destinations/chatan/index.html (+2ms) 
20:47:58   ├─ /destinations/uruma/index.html (+2ms) 
20:47:58   ├─ /destinations/nanto/index.html (+2ms) 
20:47:58   ├─ /destinations/hakusan/index.html (+2ms) 
20:47:58   ├─ /destinations/shingu-wakayama/index.html (+2ms) 
20:47:58   ├─ /destinations/himeshima/index.html (+2ms) 
20:47:58   ├─ /destinations/toshima/index.html (+3ms) 
20:47:58   ├─ /destinations/joetsu/index.html (+2ms) 
20:47:58   ├─ /destinations/myoko/index.html (+2ms) 
20:47:58   ├─ /destinations/hokkaido-hakodate/index.html (+2ms) 
20:47:58   ├─ /destinations/hokkaido-asahikawa/index.html (+2ms) 
20:47:58   ├─ /destinations/hokkaido-kushiro/index.html (+2ms) 
20:47:58   ├─ /destinations/yoichi/index.html (+2ms) 
20:47:58   ├─ /destinations/akkeshi/index.html (+2ms) 
20:47:58   ├─ /destinations/kitami/index.html (+2ms) 
20:47:58   ├─ /destinations/monbetsu/index.html (+2ms) 
20:47:58   ├─ /destinations/omagari/index.html (+2ms) 
20:47:58   ├─ /destinations/shinjou/index.html (+2ms) 
20:47:58   ├─ /destinations/ibaraki-mito/index.html (+2ms) 
20:47:58   ├─ /destinations/utsunomiya/index.html (+2ms) 
20:47:58   ├─ /destinations/takasaki/index.html (+2ms) 
20:47:58   ├─ /destinations/odawara/index.html (+2ms) 
20:47:58   ├─ /destinations/sawara/index.html (+2ms) 
20:47:58   ├─ /destinations/nokogiriyama/index.html (+2ms) 
20:47:58   ├─ /destinations/katsuura-chiba/index.html (+2ms) 
20:47:58   ├─ /destinations/azumino/index.html (+2ms) 
20:47:59   ├─ /destinations/nakatsugawa/index.html (+2ms) 
20:47:59   ├─ /destinations/yaizu/index.html (+1ms) 
20:47:59   ├─ /destinations/hamanako/index.html (+2ms) 
20:47:59   ├─ /destinations/gamagori/index.html (+3ms) 
20:47:59   ├─ /destinations/toyota-city/index.html (+2ms) 
20:47:59   ├─ /destinations/otsu-shiga/index.html (+2ms) 
20:47:59   ├─ /destinations/kusatsu-shiga/index.html (+2ms) 
20:47:59   ├─ /destinations/takashima-shiga/index.html (+2ms) 
20:47:59   ├─ /destinations/tango-kyoto/index.html (+2ms) 
20:47:59   ├─ /destinations/owase/index.html (+2ms) 
20:47:59   ├─ /destinations/kushimoto/index.html (+2ms) 
20:47:59   ├─ /destinations/hamada-shimane/index.html (+2ms) 
20:47:59   ├─ /destinations/kure/index.html (+2ms) 
20:47:59   ├─ /destinations/miyoshi-hiroshima/index.html (+2ms) 
20:47:59   ├─ /destinations/nagato-yamaguchi/index.html (+2ms) 
20:47:59   ├─ /destinations/mine-yamaguchi/index.html (+2ms) 
20:47:59   ├─ /destinations/kagawa-takamatsu/index.html (+2ms) 
20:47:59   ├─ /destinations/kanonji/index.html (+2ms) 
20:47:59   ├─ /destinations/kurume/index.html (+2ms) 
20:47:59   ├─ /destinations/yatsushiro/index.html (+2ms) 
20:47:59   ├─ /destinations/oguni-kumamoto/index.html (+2ms) 
20:47:59   ├─ /destinations/izumi-kagoshima/index.html (+2ms) 
20:47:59   ├─ /destinations/makurazaki/index.html (+2ms) 
20:47:59   ├─ /destinations/miyakonojo/index.html (+2ms) 
20:47:59   ├─ /destinations/nanjo-okinawa/index.html (+2ms) 
20:47:59   ├─ /destinations/aogashima/index.html (+2ms) 
20:47:59   ├─ /destinations/kugashima/index.html (+3ms) 
20:47:59   ├─ /destinations/nakatosa/index.html (+2ms) 
20:47:59   ├─ /destinations/ikata/index.html (+2ms) 
20:47:59   ├─ /destinations/muroto-cape/index.html (+2ms) 
20:47:59   ├─ /destinations/niimi/index.html (+2ms) 
20:47:59   ├─ /destinations/uda-nara/index.html (+2ms) 
20:47:59   ├─ /destinations/mimasaka/index.html (+2ms) 
20:47:59   ├─ /destinations/kochi-shimanto/index.html (+2ms) 
20:47:59   ├─ /destinations/yonago/index.html (+2ms) 
20:47:59   ├─ /destinations/kaga-onsen2/index.html (+2ms) 
20:47:59   ├─ /destinations/iga-ueno/index.html (+2ms) 
20:47:59   ├─ /destinations/miyanoshita/index.html (+2ms) 
20:47:59   ├─ /destinations/shibu-onsen/index.html (+2ms) 
20:47:59   ├─ /destinations/togatta-onsen/index.html (+2ms) 
20:47:59   ├─ /destinations/hachimantai-onsen/index.html (+2ms) 
20:47:59   ├─ /destinations/ono-fukui/index.html (+2ms) 
20:47:59   ├─ /destinations/katsuyama/index.html (+2ms) 
20:47:59   ├─ /destinations/hioki/index.html (+2ms) 
20:47:59   ├─ /destinations/shimokitazawa-nyuto/index.html (+2ms) 
20:47:59   ├─ /destinations/hirakawa/index.html (+2ms) 
20:47:59   ├─ /destinations/kurikoma/index.html (+2ms) 
20:47:59   ├─ /destinations/shimokita/index.html (+2ms) 
20:47:59   ├─ /destinations/towada-lake/index.html (+2ms) 
20:47:59   ├─ /destinations/rikuchu-coast/index.html (+4ms) 
20:47:59   ├─ /destinations/ichinoseki-hiraizumi2/index.html (+2ms) 
20:47:59   ├─ /destinations/numata/index.html (+2ms) 
20:47:59   ├─ /destinations/tsuchiura/index.html (+2ms) 
20:47:59   ├─ /destinations/kujukuri-icho/index.html (+2ms) 
20:47:59   ├─ /destinations/miyota/index.html (+2ms) 
20:47:59   ├─ /destinations/saijo-hiroshima/index.html (+2ms) 
20:47:59   ├─ /destinations/fukaura/index.html (+2ms) 
20:47:59   ├─ /destinations/isesaki/index.html (+2ms) 
20:47:59   ├─ /destinations/matsumoto-kaido/index.html (+2ms) 
20:47:59   ├─ /destinations/tateyama-toyama/index.html (+2ms) 
20:47:59   ├─ /destinations/suo-sanbe/index.html (+2ms) 
20:47:59   ├─ /destinations/takachihogo-shishiku/index.html (+2ms) 
20:47:59   ├─ /destinations/kamishihoro/index.html (+2ms) 
20:47:59   ├─ /destinations/susaki/index.html (+2ms) 
20:47:59   ├─ /destinations/ube/index.html (+2ms) 
20:47:59   ├─ /destinations/agematsu/index.html (+2ms) 
20:47:59   ├─ /destinations/unzen2/index.html (+1ms) 
20:47:59   ├─ /destinations/kochi-ino/index.html (+2ms) 
20:47:59   ├─ /destinations/hiji/index.html (+2ms) 
20:47:59   ├─ /destinations/tsunan/index.html (+2ms) 
20:47:59   ├─ /destinations/kurobe/index.html (+2ms) 
20:47:59   ├─ /destinations/tsuruoka-kinzan/index.html (+3ms) 
20:47:59   ├─ /destinations/tomari-okinawa/index.html (+2ms) 
20:47:59   ├─ /destinations/gen_北海_愛山渓温泉/index.html (+2ms) 
20:47:59   ├─ /destinations/gen_北海_旭岳温泉/index.html (+2ms) 
20:47:59   ├─ /destinations/gen_北海_朝里川温泉/index.html (+2ms) 
20:47:59   ├─ /destinations/gen_北海_網走湖畔温泉/index.html (+2ms) 
20:47:59   ├─ /destinations/gen_北海_岩尾別温泉/index.html (+2ms) 
20:47:59   ├─ /destinations/gen_北海_ウトロ温泉/index.html (+2ms) 
20:47:59   ├─ /destinations/gen_北海_北湯沢温泉/index.html (+2ms) 
20:47:59   ├─ /destinations/gen_北海_然別湖畔温泉/index.html (+2ms) 
20:47:59   ├─ /destinations/gen_北海_支笏湖温泉/index.html (+2ms) 
20:47:59   ├─ /destinations/gen_北海_定山渓温泉/index.html (+2ms) 
20:47:59   ├─ /destinations/gen_北海_層雲峡温泉/index.html (+2ms) 
20:47:59   ├─ /destinations/gen_北海_天人峡温泉/index.html (+2ms) 
20:47:59   ├─ /destinations/gen_北海_洞爺湖温泉/index.html (+2ms) 
20:47:59   ├─ /destinations/gen_北海_十勝岳温泉/index.html (+2ms) 
20:47:59   ├─ /destinations/gen_北海_豊富温泉/index.html (+2ms) 
20:47:59   ├─ /destinations/gen_北海_濁川温泉/index.html (+2ms) 
20:47:59   ├─ /destinations/gen_北海_ぬかびら温泉/index.html (+2ms) 
20:47:59   ├─ /destinations/gen_北海_登別温泉/index.html (+2ms) 
20:47:59   ├─ /destinations/gen_北海_水無海浜温泉/index.html (+3ms) 
20:47:59   ├─ /destinations/gen_北海_雌阿寒温泉/index.html (+3ms) 
20:47:59   ├─ /destinations/gen_北海_谷地頭温泉/index.html (+2ms) 
20:47:59   ├─ /destinations/gen_北海_羅臼温泉/index.html (+3ms) 
20:47:59   ├─ /destinations/gen_北海_奥尻島/index.html (+3ms) 
20:47:59   ├─ /destinations/gen_北海_北海道/index.html (+2ms) 
20:47:59   ├─ /destinations/gen_北海_焼尻島/index.html (+2ms) 
20:47:59   ├─ /destinations/gen_北海_襟裳岬/index.html (+2ms) 
20:47:59   ├─ /destinations/gen_北海_小樽運河/index.html (+2ms) 
20:47:59   ├─ /destinations/gen_北海_就実の丘/index.html (+2ms) 
20:47:59   ├─ /destinations/gen_北海_知床国立公園/index.html (+2ms) 
20:47:59   ├─ /destinations/gen_北海_チキウ岬/index.html (+2ms) 
20:47:59   ├─ /destinations/gen_北海_トラピスト修道院/index.html (+2ms) 
20:47:59   ├─ /destinations/gen_北海_納沙布岬/index.html (+2ms) 
20:47:59   ├─ /destinations/gen_北海_東川町/index.html (+2ms) 
20:47:59   ├─ /destinations/gen_北海_麓郷の森/index.html (+2ms) 
20:47:59   ├─ /destinations/gen_北海_五稜郭/index.html (+2ms) 
20:47:59   ├─ /destinations/gen_北海_戸切地陣屋/index.html (+3ms) 
20:47:59   ├─ /destinations/gen_北海_弁天台場/index.html (+2ms) 
20:47:59   ├─ /destinations/gen_北海_松前城/index.html (+2ms) 
20:47:59   ├─ /destinations/gen_北海_北海道神宮/index.html (+2ms) 
20:47:59   ├─ /destinations/gen_北海_太田山神社/index.html (+2ms) 
20:47:59   ├─ /destinations/gen_北海_大雪展望台/index.html (+2ms) 
20:47:59   ├─ /destinations/gen_北海_多和平/index.html (+2ms) 
20:47:59   ├─ /destinations/gen_北海_天に続く道/index.html (+2ms) 
20:47:59   ├─ /destinations/gen_北海_十勝千年の森/index.html (+2ms) 
20:47:59   ├─ /destinations/gen_北海_相泊温泉/index.html (+4ms) 
20:47:59   ├─ /destinations/gen_北海_枝幸温泉/index.html (+3ms) 
20:47:59   ├─ /destinations/gen_北海_長万部温泉/index.html (+3ms) 
20:47:59   ├─ /destinations/gen_北海_菅野温泉/index.html (+3ms) 
20:47:59   ├─ /destinations/gen_北海_北見温泉/index.html (+4ms) 
20:47:59   ├─ /destinations/gen_北海_白老温泉/index.html (+4ms) 
20:47:59   ├─ /destinations/gen_北海_瀬石温泉/index.html (+3ms) 
20:47:59   ├─ /destinations/gen_北海_大雪高原温泉/index.html (+4ms) 
20:47:59   ├─ /destinations/gen_北海_滝の湯温泉/index.html (+3ms) 
20:47:59   ├─ /destinations/gen_北海_天塩温泉/index.html (+2ms) 
20:47:59   ├─ /destinations/gen_北海_天塩川温泉/index.html (+2ms) 
20:47:59   ├─ /destinations/gen_北海_十勝川温泉/index.html (+2ms) 
20:47:59   ├─ /destinations/gen_北海_浜頓別温泉/index.html (+2ms) 
20:47:59   ├─ /destinations/gen_北海_びふか温泉/index.html (+2ms) 
20:47:59   ├─ /destinations/gen_北海_ピンネシリ温泉/index.html (+2ms) 
20:47:59   ├─ /destinations/gen_北海_稚内温泉/index.html (+2ms) 
20:47:59   ├─ /destinations/gen_北海_さるふつ温泉/index.html (+2ms) 
20:47:59   ├─ /destinations/gen_北海_雷電温泉/index.html (+3ms) 
20:47:59   ├─ /destinations/gen_北海_十勝岳望岳台/index.html (+3ms) 
20:47:59   ├─ /destinations/gen_北海_十勝ヒルズ/index.html (+3ms) 
20:47:59   ├─ /destinations/gen_北海_中札内美術村/index.html (+3ms) 
20:47:59   ├─ /destinations/gen_北海_花の拠点「はなふる」/index.html (+3ms) 
20:47:59   ├─ /destinations/gen_北海_丸瀬布森林公園いこいの森/index.html (+3ms) 
20:47:59   ├─ /destinations/gen_北海_余市蒸溜所/index.html (+4ms) 
20:47:59   ├─ /destinations/gen_北海_六花の森/index.html (+2ms) 
20:47:59   ├─ /destinations/gen_北海_白ひげの滝/index.html (+2ms) 
20:47:59   ├─ /destinations/gen_北海_フレペの滝/index.html (+3ms) 
20:47:59   ├─ /destinations/gen_北海_上の湯温泉/index.html (+3ms) 
20:47:59   ├─ /destinations/gen_北海_かみゆうべつ温泉/index.html (+3ms) 
20:47:59   ├─ /destinations/gen_北海_神居岩温泉/index.html (+2ms) 
20:47:59   ├─ /destinations/gen_北海_黒松内温泉/index.html (+2ms) 
20:47:59   ├─ /destinations/gen_北海_見市温泉/index.html (+2ms) 
20:47:59   ├─ /destinations/gen_北海_沙流川温泉/index.html (+2ms) 
20:47:59   ├─ /destinations/gen_北海_鹿の湯/index.html (+2ms) 
20:47:59   ├─ /destinations/gen_北海_支笏湖いとう温泉/index.html (+2ms) 
20:47:59   ├─ /destinations/gen_北海_樹海温泉/index.html (+2ms) 
20:47:59   ├─ /destinations/gen_北海_初山別温泉/index.html (+2ms) 
20:47:59   ├─ /destinations/gen_北海_伊達温泉/index.html (+2ms) 
20:47:59   ├─ /destinations/gen_北海_トムラウシ温泉/index.html (+2ms) 
20:47:59   ├─ /destinations/gen_北海_養老牛温泉/index.html (+2ms) 
20:47:59   ├─ /destinations/gen_茨城_牛久シャトー/index.html (+2ms) 
20:47:59   ├─ /destinations/gen_茨城_偕楽園/index.html (+2ms) 
20:47:59   ├─ /destinations/gen_茨城_国営ひたち海浜公園/index.html (+2ms) 
20:47:59   ├─ /destinations/gen_茨城_水郷筑波国定公園/index.html (+2ms) 
20:47:59   ├─ /destinations/gen_茨城_西山荘/index.html (+2ms) 
20:47:59   ├─ /destinations/gen_茨城_袋田の滝/index.html (+2ms) 
20:47:59   ├─ /destinations/gen_茨城_大洗磯前神社/index.html (+3ms) 
20:47:59   ├─ /destinations/gen_茨城_大杉神社/index.html (+3ms) 
20:47:59   ├─ /destinations/gen_茨城_笠間稲荷神社/index.html (+2ms) 
20:47:59   ├─ /destinations/gen_茨城_鹿島神宮/index.html (+2ms) 
20:47:59   ├─ /destinations/gen_茨城_酒列磯前神社/index.html (+2ms) 
20:47:59   ├─ /destinations/gen_茨城_常磐神社/index.html (+2ms) 
20:47:59   ├─ /destinations/gen_茨城_水戸東照宮/index.html (+2ms) 
20:47:59   ├─ /destinations/gen_茨城_水戸八幡宮/index.html (+2ms) 
20:47:59   ├─ /destinations/gen_栃木_川俣温泉/index.html (+2ms) 
20:47:59   ├─ /destinations/gen_栃木_三斗小屋温泉/index.html (+2ms) 
20:47:59   ├─ /destinations/gen_栃木_中禅寺温泉/index.html (+2ms) 
20:47:59   ├─ /destinations/gen_栃木_那須温泉郷/index.html (+2ms) 
20:47:59   ├─ /destinations/gen_栃木_日光湯元温泉/index.html (+2ms) 
20:47:59   ├─ /destinations/gen_栃木_湯西川温泉/index.html (+2ms) 
20:47:59   ├─ /destinations/gen_栃木_佐野プレミアム・アウトレット/index.html (+2ms) 
20:47:59   ├─ /destinations/gen_栃木_殺生石/index.html (+2ms) 
20:47:59   ├─ /destinations/gen_栃木_那須高原/index.html (+2ms) 
20:47:59   ├─ /destinations/gen_栃木_日光杉並木/index.html (+2ms) 
20:47:59   ├─ /destinations/gen_栃木_宇都宮城/index.html (+2ms) 
20:47:59   ├─ /destinations/gen_栃木_宇都宮二荒山神社/index.html (+2ms) 
20:47:59   ├─ /destinations/gen_栃木_太平山神社/index.html (+2ms) 
20:47:59   ├─ /destinations/gen_栃木_唐沢山神社/index.html (+2ms) 
20:47:59   ├─ /destinations/gen_栃木_日光東照宮/index.html (+3ms) 
20:47:59   ├─ /destinations/gen_群馬_老神温泉/index.html (+2ms) 
20:47:59   ├─ /destinations/gen_群馬_奥嬬恋温泉/index.html (+2ms) 
20:47:59   ├─ /destinations/gen_群馬_鹿沢温泉/index.html (+2ms) 
20:47:59   ├─ /destinations/gen_群馬_片品温泉/index.html (+2ms) 
20:47:59   ├─ /destinations/gen_群馬_上牧温泉/index.html (+2ms) 
20:47:59   ├─ /destinations/gen_群馬_川中温泉/index.html (+2ms) 
20:47:59   ├─ /destinations/gen_群馬_川原湯温泉/index.html (+2ms) 
20:47:59   ├─ /destinations/gen_群馬_猿ヶ京温泉/index.html (+2ms) 
20:47:59   ├─ /destinations/gen_群馬_敷島温泉/index.html (+2ms) 
20:47:59   ├─ /destinations/gen_群馬_尻焼温泉/index.html (+2ms) 
20:47:59   ├─ /destinations/gen_群馬_花敷温泉/index.html (+2ms) 
20:47:59   ├─ /destinations/gen_群馬_法師温泉/index.html (+2ms) 
20:47:59   ├─ /destinations/gen_群馬_万座温泉/index.html (+2ms) 
20:47:59   ├─ /destinations/gen_北海_臼別温泉/index.html (+2ms) 
20:47:59   ├─ /destinations/gen_北海_オーロラ温泉/index.html (+2ms) 
20:47:59   ├─ /destinations/gen_北海_奥美利河温泉/index.html (+2ms) 
20:47:59   ├─ /destinations/gen_北海_オソウシ温泉/index.html (+2ms) 
20:47:59   ├─ /destinations/gen_北海_オホーツクオムイ温泉/index.html (+2ms) 
20:47:59   ├─ /destinations/gen_北海_神威脇温泉/index.html (+2ms) 
20:47:59   ├─ /destinations/gen_北海_金花湯/index.html (+2ms) 
20:47:59   ├─ /destinations/gen_北海_塩別温泉/index.html (+2ms) 
20:47:59   ├─ /destinations/gen_北海_鹿部温泉/index.html (+2ms) 
20:47:59   ├─ /destinations/gen_北海_瀬戸瀬温泉/index.html (+3ms) 
20:47:59   ├─ /destinations/gen_北海_平田内温泉/index.html (+2ms) 
20:47:59   ├─ /destinations/gen_北海_美利河温泉/index.html (+2ms) 
20:47:59   ├─ /destinations/gen_北海_真鍋庭園/index.html (+2ms) 
20:47:59   ├─ /destinations/gen_北海_山彦の滝/index.html (+2ms) 
20:47:59   ├─ /destinations/gen_北海_石狩弁天社/index.html (+2ms) 
20:47:59   ├─ /destinations/gen_北海_浦臼神社/index.html (+2ms) 
20:47:59   ├─ /destinations/gen_北海_札幌八幡宮/index.html (+2ms) 
20:47:59   ├─ /destinations/gen_青森_相乗温泉/index.html (+2ms) 
20:47:59   ├─ /destinations/gen_青森_青荷温泉/index.html (+2ms) 
20:47:59   ├─ /destinations/gen_青森_秋元温泉/index.html (+2ms) 
20:47:59   ├─ /destinations/gen_青森_板留温泉/index.html (+2ms) 
20:47:59   ├─ /destinations/gen_青森_稲垣温泉/index.html (+2ms) 
20:47:59   ├─ /destinations/gen_青森_奥入瀬渓流温泉/index.html (+2ms) 
20:47:59   ├─ /destinations/gen_青森_落合温泉/index.html (+2ms) 
20:47:59   ├─ /destinations/gen_青森_黄金崎不老不死温泉/index.html (+2ms) 
20:47:59   ├─ /destinations/gen_青森_下風呂温泉/index.html (+2ms) 
20:47:59   ├─ /destinations/gen_青森_城ヶ倉温泉/index.html (+2ms) 
20:47:59   ├─ /destinations/gen_青森_酸ヶ湯/index.html (+2ms) 
20:47:59   ├─ /destinations/gen_青森_嶽温泉/index.html (+2ms) 
20:47:59   ├─ /destinations/gen_青森_蔦温泉/index.html (+2ms) 
20:47:59   ├─ /destinations/gen_青森_十和田湖畔温泉/index.html (+2ms) 
20:47:59   ├─ /destinations/gen_青森_馬門温泉/index.html (+2ms) 
20:47:59   ├─ /destinations/gen_青森_谷地温泉/index.html (+3ms) 
20:47:59   ├─ /destinations/zaou-onsen/index.html (+2ms) 
20:47:59   ├─ /destinations/utsukushigahara/index.html (+2ms) 
20:47:59   ├─ /destinations/uji/index.html (+2ms) 
20:47:59   ├─ /destinations/shirahone-onsen/index.html (+2ms) 
20:47:59   ├─ /destinations/matsunoyama-onsen/index.html (+2ms) 
20:47:59   ├─ /destinations/hijori-onsen/index.html (+2ms) 
20:47:59   ├─ /destinations/takayu-onsen/index.html (+2ms) 
20:47:59   ├─ /destinations/oyu-onsen-akita/index.html (+2ms) 
20:47:59   ├─ /destinations/takarakawa-onsen/index.html (+2ms) 
20:47:59   ├─ /destinations/hateruma-island/index.html (+2ms) 
20:47:59   ├─ /destinations/yoron-island/index.html (+2ms) 
20:47:59   ├─ /destinations/kakeroma-island/index.html (+2ms) 
20:47:59   ├─ /destinations/tobishima-island/index.html (+2ms) 
20:47:59   ├─ /destinations/awashima-island/index.html (+2ms) 
20:47:59   ├─ /destinations/tarama-island/index.html (+2ms) 
20:47:59   ├─ /destinations/mishima-yamaguchi/index.html (+2ms) 
20:47:59   ├─ /destinations/teuri-island/index.html (+2ms) 
20:47:59   ├─ /destinations/omishima-island/index.html (+2ms) 
20:47:59   ├─ /destinations/futamata-onsen/index.html (+2ms) 
20:47:59   ├─ /destinations/otari-onsen/index.html (+2ms) 
20:47:59   ├─ /destinations/yunokami-onsen/index.html (+2ms) 
20:47:59   ├─ /destinations/saiki/index.html (+2ms) 
20:47:59   ├─ /destinations/omaezaki/index.html (+3ms) 
20:47:59   ├─ /destinations/yawatahama/index.html (+2ms) 
20:47:59   ├─ /destinations/ushibuka/index.html (+2ms) 
20:47:59   ├─ /destinations/minami-aizu/index.html (+2ms) 
20:47:59   ├─ /destinations/shosenkyo/index.html (+2ms) 
20:47:59   ├─ /destinations/isawa-onsen/index.html (+2ms) 
20:47:59   ├─ /destinations/minobu/index.html (+2ms) 
20:47:59   ├─ /destinations/nagatoro/index.html (+2ms) 
20:47:59   ├─ /destinations/hanno/index.html (+2ms) 
20:47:59   ├─ /destinations/yobuko/index.html (+2ms) 
20:47:59   ├─ /destinations/arita/index.html (+2ms) 
20:47:59   ├─ /destinations/onuma/index.html (+2ms) 
20:47:59   ├─ /destinations/uradome/index.html (+2ms) 
20:47:59   ├─ /destinations/chizu/index.html (+1ms) 
20:47:59   ├─ /destinations/minami-tokushima/index.html (+2ms) 
20:47:59   ├─ /destinations/muroo/index.html (+2ms) 
20:47:59   ├─ /destinations/tonami/index.html (+2ms) 
20:47:59   ├─ /destinations/unazuki-onsen/index.html (+2ms) 
20:47:59   ├─ /destinations/mikatagoko/index.html (+2ms) 
20:47:59   ├─ /destinations/hakuto/index.html (+2ms) 
20:47:59   ├─ /destinations/ibukijima/index.html (+2ms) 
20:47:59   ├─ /destinations/ogijima/index.html (+2ms) 
20:47:59   ├─ /destinations/megijima/index.html (+2ms) 
20:47:59   ├─ /destinations/honjima/index.html (+3ms) 
20:47:59   ├─ /destinations/sanagijima/index.html (+2ms) 
20:47:59   ├─ /destinations/okunoshima/index.html (+3ms) 
20:47:59   ├─ /destinations/ikuchijima/index.html (+2ms) 
20:47:59   ├─ /destinations/sensui-jima/index.html (+2ms) 
20:47:59   ├─ /destinations/shiraishijima/index.html (+2ms) 
20:47:59   ├─ /destinations/manabeshima/index.html (+2ms) 
20:47:59   ├─ /destinations/katsunuma/index.html (+2ms) 
20:47:59   ├─ /destinations/mitsuminejinja/index.html (+2ms) 
20:47:59   ├─ /destinations/kashima-saga/index.html (+2ms) 
20:47:59   ├─ /destinations/ikeda-osaka/index.html (+2ms) 
20:47:59   ├─ /destinations/gojo-nara/index.html (+2ms) 
20:47:59   ├─ /destinations/yamatokoriyama/index.html (+2ms) 
20:47:59   ├─ /destinations/kashiwara-wine/index.html (+2ms) 
20:47:59   ├─ /destinations/tsubamesanjo/index.html (+2ms) 
20:47:59   ├─ /destinations/kashiwazaki/index.html (+2ms) 
20:47:59   ├─ /destinations/yobetsu/index.html (+2ms) 
20:47:59   ├─ /destinations/taro/index.html (+2ms) 
20:47:59   ├─ /destinations/manazuru/index.html (+2ms) 
20:47:59   ├─ /destinations/yugawara/index.html (+2ms) 
20:47:59   ├─ /destinations/ikuno/index.html (+2ms) 
20:47:59   ├─ /destinations/tobe/index.html (+2ms) 
20:47:59   ├─ /destinations/sakurajima/index.html (+2ms) 
20:47:59   ├─ /destinations/shimekappu/index.html (+3ms) 
20:47:59   ├─ /destinations/otaki/index.html (+2ms) 
20:47:59   ├─ /destinations/kamogawa/index.html (+2ms) 
20:47:59   ├─ /destinations/tatsuno/index.html (+2ms) 
20:47:59   ├─ /destinations/fuchu-hiroshima/index.html (+2ms) 
20:47:59   ├─ /destinations/niihama/index.html (+2ms) 
20:47:59   ├─ /destinations/aji-peninsula/index.html (+2ms) 
20:47:59   ├─ /destinations/mitoyo/index.html (+2ms) 
20:47:59   ├─ /destinations/shionoe/index.html (+2ms) 
20:47:59   ├─ /destinations/shishikui/index.html (+2ms) 
20:47:59   ├─ /destinations/shimonada/index.html (+2ms) 
20:47:59   ├─ /destinations/misaki-kochi/index.html (+2ms) 
20:47:59   ├─ /destinations/gonosen/index.html (+2ms) 
20:47:59   ├─ /destinations/tanesashi/index.html (+2ms) 
20:47:59   ├─ /destinations/tsumagoi/index.html (+2ms) 
20:47:59   ├─ /destinations/tsumari/index.html (+2ms) 
20:47:59   ├─ /destinations/yogo/index.html (+2ms) 
20:47:59   ├─ /destinations/nima/index.html (+2ms) 
20:47:59   ├─ /destinations/hiraodai/index.html (+2ms) 
20:47:59   ├─ /destinations/bihoro-pass/index.html (+2ms) 
20:47:59   ├─ /destinations/kamui-misaki/index.html (+2ms) 
20:47:59   ├─ /destinations/saroma-ko/index.html (+2ms) 
20:47:59   ├─ /destinations/notsuke-hanto/index.html (+2ms) 
20:47:59   ├─ /destinations/mashu-ko/index.html (+3ms) 
20:47:59   ├─ /destinations/kussharo-ko/index.html (+2ms) 
20:47:59   ├─ /destinations/uryunuma/index.html (+2ms) 
20:47:59   ├─ /destinations/chokai-san/index.html (+2ms) 
20:47:59   ├─ /destinations/eshima-miyagi/index.html (+2ms) 
20:47:59   ├─ /destinations/kirigamine/index.html (+2ms) 
20:47:59   ├─ /destinations/nyukasa/index.html (+2ms) 
20:47:59   ├─ /destinations/ontake/index.html (+2ms) 
20:47:59   ├─ /destinations/mitsuke-jima/index.html (+2ms) 
20:47:59   ├─ /destinations/rokkozaki/index.html (+17ms) 
20:47:59   ├─ /destinations/sozogi/index.html (+3ms) 
20:47:59   ├─ /destinations/shiroyone-senmaida/index.html (+3ms) 
20:47:59   ├─ /destinations/tojinbo/index.html (+2ms) 
20:47:59   ├─ /destinations/shimanami-kaido/index.html (+2ms) 
20:47:59   ├─ /destinations/keta-taisha/index.html (+2ms) 
20:47:59   ├─ /destinations/kaizu-osaki/index.html (+2ms) 
20:47:59   ├─ /destinations/chikubushima/index.html (+2ms) 
20:47:59   ├─ /destinations/metasequoia/index.html (+2ms) 
20:47:59   ├─ /destinations/tango-matsushima/index.html (+2ms) 
20:47:59   ├─ /destinations/kuju-kogen/index.html (+2ms) 
20:47:59   ├─ /destinations/gokase/index.html (+2ms) 
20:47:59   ├─ /destinations/ikoma-kogen/index.html (+2ms) 
20:47:59   ├─ /destinations/chinen-misaki/index.html (+2ms) 
20:47:59   ├─ /destinations/bise/index.html (+3ms) 
20:47:59   ├─ /destinations/kudakajima/index.html (+2ms) 
20:47:59   ├─ /destinations/sefa-utaki/index.html (+2ms) 
20:47:59   ├─ /destinations/hakkoda/index.html (+2ms) 
20:47:59   ├─ /destinations/sannai-maruyama/index.html (+2ms) 
20:47:59   ├─ /destinations/mikurajima/index.html (+2ms) 
20:47:59   ├─ /destinations/hiburi/index.html (+2ms) 
20:47:59   ├─ /destinations/tonaki/index.html (+3ms) 
20:47:59   ├─ /destinations/yorojima/index.html (+2ms) 
20:47:59   ├─ /destinations/kuchinoerabu/index.html (+2ms) 
20:47:59   ├─ /destinations/nishinoshima/index.html (+2ms) 
20:47:59   ├─ /destinations/minamidaitojima/index.html (+2ms) 
20:47:59   ├─ /destinations/kitadaitojima/index.html (+2ms) 
20:47:59   ├─ /destinations/sakushima/index.html (+2ms) 
20:47:59   ├─ /destinations/shinojima/index.html (+2ms) 
20:47:59   ├─ /destinations/himakajima/index.html (+2ms) 
20:47:59   ├─ /destinations/ukujima/index.html (+2ms) 
20:47:59   ├─ /destinations/hotokegaura/index.html (+2ms) 
20:47:59   ├─ /destinations/shiibamura/index.html (+2ms) 
20:47:59   ├─ /destinations/tateyamasaki/index.html (+2ms) 
20:47:59   ├─ /destinations/okinoshima-kochi/index.html (+2ms) 
20:47:59   ├─ /destinations/nushima/index.html (+3ms) 
20:47:59   ├─ /destinations/kasadojima/index.html (+2ms) 
20:47:59   ├─ /destinations/noko-island/index.html (+3ms) 
20:47:59   ├─ /destinations/akiyamago/index.html (+2ms) 
20:47:59   ├─ /destinations/okitama/index.html (+2ms) 
20:47:59   ├─ /destinations/osorezan-area/index.html (+2ms) 
20:47:59   ├─ /destinations/tashirojima/index.html (+2ms) 
20:47:59   ├─ /destinations/kinkasan/index.html (+2ms) 
20:47:59   ├─ /destinations/chichijima/index.html (+2ms) 
20:47:59   ├─ /destinations/hahajima/index.html (+1ms) 
20:47:59   ├─ /destinations/jogashima/index.html (+2ms) 
20:47:59   ├─ /destinations/toushijima/index.html (+1ms) 
20:47:59   ├─ /destinations/kamishima/index.html (+1ms) 
20:47:59   ├─ /destinations/okishima/index.html (+1ms) 
20:47:59   ├─ /destinations/notojima/index.html (+1ms) 
20:47:59   ├─ /destinations/kii-oshima/index.html (+2ms) 
20:47:59   ├─ /destinations/daikonshima/index.html (+2ms) 
20:47:59   ├─ /destinations/nakanoshima-oki/index.html (+2ms) 
20:47:59   ├─ /destinations/etajima/index.html (+2ms) 
20:47:59   ├─ /destinations/omijima/index.html (+1ms) 
20:47:59   ├─ /destinations/iwaishima/index.html (+1ms) 
20:47:59   ├─ /destinations/hakatajima/index.html (+2ms) 
20:47:59   ├─ /destinations/shikanoshima/index.html (+2ms) 
20:47:59   ├─ /destinations/hirado-island/index.html (+2ms) 
20:47:59   ├─ /destinations/ikitsukijima/index.html (+2ms) 
20:47:59   ├─ /destinations/fukue-island/index.html (+2ms) 
20:47:59   ├─ /destinations/ikeshima/index.html (+1ms) 
20:47:59   ├─ /destinations/kikai-island/index.html (+3ms) 
20:47:59   ├─ /destinations/tokunoshima/index.html (+2ms) 
20:47:59   ├─ /destinations/okinoerabu/index.html (+1ms) 
20:47:59   ├─ /destinations/aka-island/index.html (+1ms) 
20:47:59   ├─ /destinations/hatoma-island/index.html (+1ms) 
20:47:59   ├─ /destinations/yubu-island/index.html (+2ms) 
20:47:59   ├─ /destinations/kuroshima-yaeyama/index.html (+2ms) 
20:47:59   ├─ /destinations/kurima-island/index.html (+1ms) 
20:47:59   ├─ /destinations/ikema-island/index.html (+1ms) 
20:47:59   ├─ /destinations/kouri-island/index.html (+2ms) 
20:47:59   ├─ /destinations/izena-island/index.html (+2ms) 
20:47:59   ├─ /destinations/shirakami-sanchi/index.html (+2ms) 
20:47:59   ├─ /destinations/mihonomatsubara/index.html (+2ms) 
20:47:59   ├─ /destinations/yamanakako/index.html (+2ms) 
20:47:59   ├─ /destinations/motosuko/index.html (+2ms) 
20:47:59   ├─ /destinations/yatsugatake/index.html (+2ms) 
20:47:59   ├─ /destinations/ohara/index.html (+2ms) 
20:47:59   ├─ /destinations/kifune/index.html (+2ms) 
20:47:59   ├─ /destinations/sumatakyo/index.html (+2ms) 
20:47:59   ├─ /destinations/nishi-izu/index.html (+2ms) 
20:47:59   ├─ /destinations/toyama-city/index.html (+2ms) 
20:47:59   ├─ /destinations/ashinoko/index.html (+2ms) 
20:47:59   ├─ /destinations/minatomirai/index.html (+2ms) 
20:47:59   ├─ /destinations/kawaji-onsen/index.html (+2ms) 
20:47:59   ├─ /destinations/izumo-taisha/index.html (+3ms) 
20:47:59   ├─ /destinations/adachi-museum/index.html (+2ms) 
20:47:59   ├─ /destinations/tottori-sakyu/index.html (+2ms) 
20:47:59   ├─ /destinations/tamatsukuri-onsen/index.html (+1ms) 
20:47:59   ├─ /destinations/iya-vine-bridge/index.html (+1ms) 
20:47:59   ├─ /destinations/soja-okayama/index.html (+2ms) 
20:47:59   ├─ /destinations/hiruzen/index.html (+2ms) 
20:47:59   ├─ /destinations/yubara-onsen/index.html (+2ms) 
20:47:59   ├─ /destinations/yunogo/index.html (+2ms) 
20:47:59   ├─ /destinations/okutsu/index.html (+2ms) 
20:47:59   ├─ /destinations/hinase/index.html (+2ms) 
20:47:59   ├─ /destinations/fukiya/index.html (+2ms) 
20:47:59   ├─ /destinations/nagi-okayama/index.html (+1ms) 
20:47:59   ├─ /destinations/kasaoka-islands/index.html (+2ms) 
20:47:59   ├─ /destinations/ogose/index.html (+1ms) 
20:47:59   ├─ /destinations/ogawa-saitama/index.html (+2ms) 
20:47:59   ├─ /destinations/osaka-bay/index.html (+2ms) 
20:47:59   ├─ /destinations/katsuoji/index.html (+2ms) 
20:47:59   ├─ /destinations/sennan/index.html (+2ms) 
20:47:59   ├─ /destinations/takatsuki/index.html (+1ms) 
20:47:59   ├─ /destinations/izumiotsu/index.html (+2ms) 
20:47:59   ├─ /destinations/imari/index.html (+2ms) 
20:47:59   ├─ /destinations/obama-fukui/index.html (+1ms) 
20:47:59   ├─ /destinations/echizen-pottery/index.html (+2ms) 
20:47:59   ├─ /destinations/boso-hills/index.html (+3ms) 
20:47:59   ├─ /destinations/isumi/index.html (+2ms) 
20:47:59   ├─ /destinations/sakura-city/index.html (+2ms) 
20:47:59   ├─ /destinations/toyama-glass/index.html (+1ms) 
20:47:59   ├─ /destinations/zuiryuji/index.html (+1ms) 
20:47:59   ├─ /destinations/hakushu/index.html (+1ms) 
20:47:59   ├─ /destinations/hayakawa/index.html (+2ms) 
20:47:59   ├─ /destinations/inawashiro/index.html (+1ms) 
20:47:59   ├─ /destinations/iwaki-spa/index.html (+2ms) 
20:47:59   ├─ /destinations/miyama-kayabuki/index.html (+2ms) 
20:47:59   ├─ /destinations/arashiyama-2/index.html (+2ms) 
20:47:59   ├─ /destinations/ohara-2/index.html (+2ms) 
20:47:59   ├─ /destinations/keihoku/index.html (+2ms) 
20:47:59   ├─ /destinations/takeda-castle/index.html (+2ms) 
20:47:59   ├─ /destinations/takamatsu-ritsurin/index.html (+2ms) 
20:47:59   ├─ /destinations/zentsuji/index.html (+1ms) 
20:47:59   ├─ /destinations/katsurahama/index.html (+1ms) 
20:47:59   ├─ /destinations/takayama-2/index.html (+2ms) 
20:47:59   ├─ /destinations/kumamoto-castle/index.html (+2ms) 
20:47:59   ├─ /destinations/hitoyoshi-onsen/index.html (+2ms) 
20:47:59   ├─ /destinations/nichinan-coast/index.html (+2ms) 
20:47:59   ├─ /destinations/niigata-city/index.html (+1ms) 
20:47:59   ├─ /destinations/echigo-tsumari/index.html (+2ms) 
20:47:59   ├─ /destinations/nozawa-onsen-niigata/index.html (+1ms) 
20:47:59   ├─ /destinations/kanazawa-castle/index.html (+2ms) 
20:47:59   ├─ /destinations/higashi-chaya/index.html (+2ms) 
20:47:59   ├─ /destinations/soya-misaki/index.html (+1ms) 
20:47:59   ├─ /destinations/rebun-no-tour/index.html (+1ms) 
20:47:59   ├─ /destinations/senjojiki-aomori/index.html (+1ms) 
20:47:59   ├─ /destinations/morioka/index.html (+1ms) 
20:47:59   ├─ /destinations/hanamaki-onsen/index.html (+2ms) 
20:47:59   ├─ /destinations/zao-snow-monsters/index.html (+1ms) 
20:47:59   ├─ /destinations/mogami-funakudari/index.html (+1ms) 
20:47:59   ├─ /destinations/aizu-bandaisan/index.html (+2ms) 
20:47:59   ├─ /destinations/miharu-takizakura/index.html (+1ms) 
20:47:59   ├─ /destinations/soma-noma/index.html (+2ms) 
20:47:59   ├─ /destinations/hitachi-seaside/index.html (+2ms) 
20:47:59   ├─ /destinations/tomioka-silk/index.html (+2ms) 
20:47:59   ├─ /destinations/matsumoto-castle-2/index.html (+2ms) 
20:47:59   ├─ /destinations/nakasendo-tsumago/index.html (+2ms) 
20:47:59   ├─ /destinations/wajima-asaichi/index.html (+2ms) 
20:47:59   ├─ /destinations/noto-kiriko/index.html (+1ms) 
20:47:59   ├─ /destinations/iseshima/index.html (+2ms) 
20:47:59   ├─ /destinations/miho-museum/index.html (+2ms) 
20:47:59   ├─ /destinations/kibune-kurama/index.html (+2ms) 
20:47:59   ├─ /destinations/koshien/index.html (+2ms) 
20:47:59   ├─ /destinations/kobe-port/index.html (+2ms) 
20:47:59   ├─ /destinations/horyuji/index.html (+1ms) 
20:47:59   ├─ /destinations/kumano-kodo/index.html (+3ms) 
20:47:59   ├─ /destinations/nachi-falls/index.html (+2ms) 
20:47:59   ├─ /destinations/okayama-city/index.html (+1ms) 
20:47:59   ├─ /destinations/akiyoshido/index.html (+1ms) 
20:47:59   ├─ /destinations/dazaifu-2/index.html (+2ms) 
20:47:59   ├─ /destinations/saga-castle/index.html (+1ms) 
20:47:59   ├─ /destinations/nagasaki-city/index.html (+1ms) 
20:47:59   ├─ /destinations/yufuin-2/index.html (+1ms) 
20:47:59   ├─ /destinations/kagoshima-city/index.html (+1ms) 
20:47:59   ├─ /destinations/ibusuki-onsen/index.html (+1ms) 
20:47:59   ├─ /destinations/okinawa-naha/index.html (+1ms) 
20:47:59   ├─ /destinations/narita/index.html (+1ms) 
20:47:59   ├─ /destinations/sankeien/index.html (+1ms) 
20:47:59   ├─ /destinations/tokushima-city/index.html (+1ms) 
20:47:59   ├─ /destinations/aharen/index.html (+2ms) 
20:47:59   ├─ /destinations/omiya-bonsai/index.html (+2ms) 
20:47:59   ├─ /destinations/hitsujiyama/index.html (+2ms) 
20:47:59   ├─ /destinations/mihashira/index.html (+2ms) 
20:47:59   ├─ /destinations/moroyama-saito/index.html (+1ms) 
20:47:59   ├─ /destinations/saga-balloon/index.html (+1ms) 
20:47:59   ├─ /destinations/mifuneyama/index.html (+1ms) 
20:47:59   ├─ /destinations/yutoku-inari/index.html (+1ms) 
20:47:59   ├─ /destinations/saga-arima/index.html (+2ms) 
20:47:59   ├─ /destinations/niji-no-matsubara/index.html (+2ms) 
20:47:59   ├─ /destinations/nara-park/index.html (+3ms) 
20:47:59   ├─ /destinations/tenkawa/index.html (+2ms) 
20:47:59   ├─ /destinations/soni-kogen/index.html (+2ms) 
20:47:59   ├─ /destinations/mt-yamato/index.html (+2ms) 
20:47:59   ├─ /destinations/tottori-castle/index.html (+2ms) 
20:47:59   ├─ /destinations/tottori-sakyu-2/index.html (+1ms) 
20:47:59   ├─ /destinations/mizuki-shigeru-road/index.html (+1ms) 
20:48:00   ├─ /destinations/shoji-ueshima/index.html (+1ms) 
20:48:00   ├─ /destinations/matsuba-gani/index.html (+2ms) 
20:48:00   ├─ /destinations/echizen-cape/index.html (+2ms) 
20:48:00   ├─ /destinations/mikuni-minato/index.html (+1ms) 
20:48:00   ├─ /destinations/hyo-sho/index.html (+2ms) 
20:48:00   ├─ /destinations/mihama-fukui/index.html (+2ms) 
20:48:00   ├─ /destinations/echizen-cliff/index.html (+2ms) 
20:48:00   ├─ /destinations/nagoya-castle/index.html (+2ms) 
20:48:00   ├─ /destinations/atsuta/index.html (+2ms) 
20:48:00   ├─ /destinations/shitara/index.html (+2ms) 
20:48:00   ├─ /destinations/shinshiro-nagasinotown/index.html (+2ms) 
20:48:00   ├─ /destinations/mt-fuji-fifth/index.html (+2ms) 
20:48:00   ├─ /destinations/saiko/index.html (+2ms) 
20:48:00   ├─ /destinations/shoji-lake/index.html (+2ms) 
20:48:00   ├─ /destinations/saiko-kawaguchi/index.html (+2ms) 
20:48:00   ├─ /destinations/ryujin-suspension/index.html (+3ms) 
20:48:00   ├─ /destinations/seki/index.html (+2ms) 
20:48:00   ├─ /destinations/shirotori/index.html (+4ms) 
20:48:00   ├─ /destinations/mino-washi/index.html (+2ms) 
20:48:00   ├─ /destinations/yoro-falls/index.html (+2ms) 
20:48:00   ├─ /destinations/kasuga-gifu/index.html (+2ms) 
20:48:00   ├─ /destinations/naruto-uzu/index.html (+2ms) 
20:48:00   ├─ /destinations/iya-vine-2/index.html (+1ms) 
20:48:00   ├─ /destinations/mt-bizan/index.html (+1ms) 
20:48:00   ├─ /destinations/hiwasa/index.html (+1ms) 
20:48:00   ├─ /destinations/nakasu/index.html (+1ms) 
20:48:00   ├─ /destinations/umi-jigoku/index.html (+1ms) 
20:48:00   ├─ /destinations/chikugogawa/index.html (+2ms) 
20:48:00   ├─ /destinations/asakuradan/index.html (+2ms) 
20:48:00   ├─ /destinations/shin-sekai/index.html (+1ms) 
20:48:00   ├─ /destinations/senri/index.html (+1ms) 
20:48:00   ├─ /destinations/izumi/index.html (+1ms) 
20:48:00   ├─ /destinations/senri-bamboo/index.html (+1ms) 
20:48:00   ├─ /destinations/shibuya/index.html (+1ms) 
20:48:00   ├─ /destinations/shinjuku/index.html (+2ms) 
20:48:00   ├─ /destinations/ueno/index.html (+2ms) 
20:48:00   ├─ /destinations/asakusa/index.html (+2ms) 
20:48:00   ├─ /destinations/akiba/index.html (+2ms) 
20:48:00   ├─ /destinations/kurobe-gorge/index.html (+2ms) 
20:48:00   ├─ /destinations/amaharashi/index.html (+2ms) 
20:48:00   ├─ /destinations/gokayama-2/index.html (+2ms) 
20:48:00   ├─ /destinations/uozu/index.html (+3ms) 
20:48:00   ├─ /destinations/wakayama-castle/index.html (+2ms) 
20:48:00   ├─ /destinations/shirahama/index.html (+2ms) 
20:48:00   ├─ /destinations/totsukawa-2/index.html (+2ms) 
20:48:00   ├─ /destinations/kawayu/index.html (+1ms) 
20:48:00   ├─ /destinations/yamadera-2/index.html (+2ms) 
20:48:00   ├─ /destinations/sendai-2/index.html (+2ms) 
20:48:00   ├─ /destinations/zuiganji/index.html (+1ms) 
20:48:00   ├─ /destinations/hakone-2/index.html (+2ms) 
20:48:00   ├─ /destinations/owakudani/index.html (+1ms) 
20:48:00   ├─ /destinations/shichirigahama/index.html (+1ms) 
20:48:00   ├─ /destinations/zushi/index.html (+1ms) 
20:48:00   ├─ /destinations/biwako/index.html (+1ms) 
20:48:00   ├─ /destinations/hikone-2/index.html (+2ms) 
20:48:00   ├─ /destinations/shigaraki-2-pottery/index.html (+2ms) 
20:48:00   ├─ /destinations/hira/index.html (+2ms) 
20:48:00   ├─ /destinations/ise-okage/index.html (+1ms) 
20:48:00   ├─ /destinations/meoto-iwa/index.html (+1ms) 
20:48:00   ├─ /destinations/toba-pearl/index.html (+1ms) 
20:48:00   ├─ /destinations/akame-falls/index.html (+2ms) 
20:48:00   ├─ /destinations/nabari/index.html (+1ms) 
20:48:00   ├─ /destinations/saitobaru/index.html (+2ms) 
20:48:00   ├─ /destinations/nichinan-onsen/index.html (+2ms) 
20:48:00   ├─ /destinations/chiba-zoo/index.html (+2ms) 
20:48:00   ├─ /destinations/himeji-castle-2/index.html (+3ms) 
20:48:00   ├─ /destinations/izu-jogasaki/index.html (+2ms) 
20:48:00   ├─ /destinations/hiroshima-2/index.html (+2ms) 
20:48:00   ├─ /destinations/itsukushima/index.html (+2ms) 
20:48:00   ├─ /destinations/shobara-2/index.html (+2ms) 
20:48:00   ├─ /destinations/iwakuni-castle/index.html (+2ms) 
20:48:00   ├─ /destinations/yamaguchi-city/index.html (+2ms) 
20:48:00   ├─ /destinations/motonosumi/index.html (+2ms) 
20:48:00   ├─ /destinations/nagano-zenkoji/index.html (+2ms) 
20:48:00   ├─ /destinations/mt-yatsugatake/index.html (+2ms) 
20:48:00   ├─ /destinations/niigata-spa/index.html (+2ms) 
20:48:00   ├─ /destinations/niigata-uono/index.html (+2ms) 
20:48:00   ├─ /destinations/takada-jo/index.html (+2ms) 
20:48:00   ├─ /destinations/hokkaido-furano-2/index.html (+2ms) 
20:48:00   ├─ /destinations/aizu-2/index.html (+2ms) 
20:48:00   ├─ /destinations/fukushima-iwaki/index.html (+2ms) 
20:48:00   ├─ /destinations/iwate-chuson/index.html (+1ms) 
20:48:00   ├─ /destinations/aomori-hirosaki-2/index.html (+2ms) 
20:48:00   ├─ /destinations/aomori-aomori-2/index.html (+2ms) 
20:48:00   ├─ /destinations/akita-yokote/index.html (+2ms) 
20:48:00   ├─ /destinations/akita-oga-peninsula/index.html (+2ms) 
20:48:00   ├─ /destinations/shodoshima-canyon/index.html (+1ms) 
20:48:00   ├─ /destinations/kochi-castle/index.html (+2ms) 
20:48:00   ├─ /destinations/kumamoto-suizenji/index.html (+2ms) 
20:48:00   ├─ /destinations/iso/index.html (+3ms) 
20:48:00   ├─ /destinations/sakurajima-onsen/index.html (+2ms) 
20:48:00   ├─ /destinations/shuri-castle/index.html (+2ms) 
20:48:00   ├─ /destinations/okinawa-chinen/index.html (+2ms) 
20:48:00   ├─ /destinations/kanazawa-21st/index.html (+2ms) 
20:48:00   ├─ /destinations/chinatown/index.html (+2ms) 
20:48:00   ├─ /destinations/oze-2/index.html (+2ms) 
20:48:00   ├─ /destinations/cape-zampa/index.html (+2ms) 
20:48:00   ├─ /destinations/okinawa-cape-hedo/index.html (+2ms) 
20:48:00   ├─ /destinations/hakuto-tottori/index.html (+2ms) 
20:48:00   ├─ /destinations/fukui-castle/index.html (+2ms) 
20:48:00   ├─ /destinations/nara-park-2/index.html (+2ms) 
20:48:00   ├─ /destinations/shiga-otsu/index.html (+2ms) 
20:48:00   ├─ /destinations/biwako-valley/index.html (+2ms) 
20:48:00   ├─ /destinations/shizu-shimizu/index.html (+2ms) 
20:48:00   ├─ /destinations/chiba-ko/index.html (+2ms) 
20:48:00   ├─ /destinations/akita-nyuto/index.html (+2ms) 
20:48:00   ├─ /destinations/fukushima-aizu-2/index.html (+2ms) 
20:48:00   ├─ /destinations/niigata-bandai/index.html (+2ms) 
20:48:00   ├─ /destinations/saga-yoshino/index.html (+2ms) 
20:48:00   ├─ /destinations/tottori-mt-mitoku/index.html (+2ms) 
20:48:00   ├─ /destinations/miyagi-matsushima-2/index.html (+2ms) 
20:48:00   ├─ /destinations/toyama-himi-2/index.html (+2ms) 
20:48:00   ├─ /destinations/niigata-sado-3/index.html (+2ms) 
20:48:00   ├─ /destinations/iwami-kagura/index.html (+3ms) 
20:48:00   ├─ /destinations/matsuyama/index.html (+2ms) 
20:48:00   ├─ /destinations/ryugado/index.html (+2ms) 
20:48:00   ├─ /destinations/kyoto/index.html (+2ms) 
20:48:00   ├─ /destinations/osaka/index.html (+2ms) 
20:48:00   ├─ /destinations/tokyo/index.html (+1ms) 
20:48:00   ├─ /destinations/kobe/index.html (+2ms) 
20:48:00   ├─ /destinations/yokohama/index.html (+2ms) 
20:48:00   ├─ /destinations/fukuoka/index.html (+2ms) 
20:48:00   ├─ /destinations/kanazawa/index.html (+1ms) 
20:48:00   ├─ /destinations/niche_青森_4/index.html (+2ms) 
20:48:00   ├─ /destinations/niche_岩手_1/index.html (+2ms) 
20:48:00   ├─ /destinations/niche_宮城_1/index.html (+2ms) 
20:48:00   ├─ /destinations/niche_宮城_3/index.html (+2ms) 
20:48:00   ├─ /destinations/niche_宮城_5/index.html (+1ms) 
20:48:00   ├─ /destinations/niche_秋田_1/index.html (+2ms) 
20:48:00   ├─ /destinations/niche_秋田_4/index.html (+1ms) 
20:48:00   ├─ /destinations/niche_秋田_5/index.html (+1ms) 
20:48:00   ├─ /destinations/niche_山形_1/index.html (+2ms) 
20:48:00   ├─ /destinations/niche_山形_2/index.html (+2ms) 
20:48:00   ├─ /destinations/niche_福島_1/index.html (+2ms) 
20:48:00   ├─ /destinations/niche_福島_2/index.html (+2ms) 
20:48:00   ├─ /destinations/niche_福島_4/index.html (+2ms) 
20:48:00   ├─ /destinations/niche_福島_5/index.html (+2ms) 
20:48:00   ├─ /destinations/niche_福島_6/index.html (+3ms) 
20:48:00   ├─ /destinations/niche_茨城_1/index.html (+2ms) 
20:48:00   ├─ /destinations/niche_茨城_2/index.html (+2ms) 
20:48:00   ├─ /destinations/niche_栃木_2/index.html (+2ms) 
20:48:00   ├─ /destinations/niche_栃木_4/index.html (+2ms) 
20:48:00   ├─ /destinations/niche_群馬_1/index.html (+2ms) 
20:48:00   ├─ /destinations/niche_群馬_4/index.html (+2ms) 
20:48:00   ├─ /destinations/niche_埼玉_1/index.html (+1ms) 
20:48:00   ├─ /destinations/niche_千葉_1/index.html (+2ms) 
20:48:00   ├─ /destinations/niche_千葉_2/index.html (+1ms) 
20:48:00   ├─ /destinations/niche_千葉_4/index.html (+2ms) 
20:48:00   ├─ /destinations/niche_千葉_5/index.html (+2ms) 
20:48:00   ├─ /destinations/niche_東京_1/index.html (+2ms) 
20:48:00   ├─ /destinations/niche_東京_2/index.html (+2ms) 
20:48:00   ├─ /destinations/niche_東京_3/index.html (+2ms) 
20:48:00   ├─ /destinations/niche_東京_4/index.html (+2ms) 
20:48:00   ├─ /destinations/niche_東京_6/index.html (+1ms) 
20:48:00   ├─ /destinations/niche_神奈川_4/index.html (+1ms) 
20:48:00   ├─ /destinations/niche_神奈川_5/index.html (+2ms) 
20:48:00   ├─ /destinations/niche_新潟_1/index.html (+2ms) 
20:48:00   ├─ /destinations/niche_新潟_2/index.html (+2ms) 
20:48:00   ├─ /destinations/niche_新潟_3/index.html (+2ms) 
20:48:00   ├─ /destinations/niche_新潟_6/index.html (+2ms) 
20:48:00   ├─ /destinations/niche_富山_1/index.html (+2ms) 
20:48:00   ├─ /destinations/niche_富山_2/index.html (+3ms) 
20:48:00   ├─ /destinations/niche_富山_3/index.html (+2ms) 
20:48:00   ├─ /destinations/niche_富山_4/index.html (+2ms) 
20:48:00   ├─ /destinations/niche_富山_6/index.html (+2ms) 
20:48:00   ├─ /destinations/niche_石川_1/index.html (+2ms) 
20:48:00   ├─ /destinations/niche_石川_3/index.html (+2ms) 
20:48:00   ├─ /destinations/niche_石川_4/index.html (+2ms) 
20:48:00   ├─ /destinations/niche_石川_6/index.html (+1ms) 
20:48:00   ├─ /destinations/niche_福井_1/index.html (+2ms) 
20:48:00   ├─ /destinations/niche_福井_2/index.html (+2ms) 
20:48:00   ├─ /destinations/niche_福井_3/index.html (+2ms) 
20:48:00   ├─ /destinations/niche_福井_4/index.html (+2ms) 
20:48:00   ├─ /destinations/niche_山梨_1/index.html (+2ms) 
20:48:00   ├─ /destinations/niche_山梨_2/index.html (+2ms) 
20:48:00   ├─ /destinations/niche_山梨_3/index.html (+1ms) 
20:48:00   ├─ /destinations/niche_山梨_4/index.html (+2ms) 
20:48:00   ├─ /destinations/niche_山梨_5/index.html (+2ms) 
20:48:00   ├─ /destinations/niche_山梨_7/index.html (+2ms) 
20:48:00   ├─ /destinations/niche_長野_1/index.html (+2ms) 
20:48:00   ├─ /destinations/niche_長野_2/index.html (+2ms) 
20:48:00   ├─ /destinations/niche_長野_4/index.html (+1ms) 
20:48:00   ├─ /destinations/niche_岐阜_1/index.html (+2ms) 
20:48:00   ├─ /destinations/niche_岐阜_4/index.html (+2ms) 
20:48:00   ├─ /destinations/niche_岐阜_5/index.html (+2ms) 
20:48:00   ├─ /destinations/niche_岐阜_6/index.html (+3ms) 
20:48:00   ├─ /destinations/niche_岐阜_7/index.html (+2ms) 
20:48:00   ├─ /destinations/niche_岐阜_8/index.html (+2ms) 
20:48:00   ├─ /destinations/niche_静岡_2/index.html (+2ms) 
20:48:00   ├─ /destinations/niche_静岡_3/index.html (+2ms) 
20:48:00   ├─ /destinations/niche_静岡_4/index.html (+2ms) 
20:48:00   ├─ /destinations/niche_静岡_6/index.html (+2ms) 
20:48:00   ├─ /destinations/niche_愛知_1/index.html (+2ms) 
20:48:00   ├─ /destinations/niche_愛知_2/index.html (+2ms) 
20:48:00   ├─ /destinations/niche_愛知_3/index.html (+2ms) 
20:48:00   ├─ /destinations/niche_愛知_4/index.html (+2ms) 
20:48:00   ├─ /destinations/niche_愛知_5/index.html (+2ms) 
20:48:00   ├─ /destinations/niche_愛知_7/index.html (+2ms) 
20:48:00   ├─ /destinations/niche_三重_2/index.html (+2ms) 
20:48:00   ├─ /destinations/niche_三重_3/index.html (+2ms) 
20:48:00   ├─ /destinations/niche_滋賀_1/index.html (+2ms) 
20:48:00   ├─ /destinations/niche_滋賀_3/index.html (+1ms) 
20:48:00   ├─ /destinations/niche_滋賀_4/index.html (+2ms) 
20:48:00   ├─ /destinations/niche_滋賀_6/index.html (+1ms) 
20:48:00   ├─ /destinations/niche_京都_1/index.html (+2ms) 
20:48:00   ├─ /destinations/niche_京都_3/index.html (+1ms) 
20:48:00   ├─ /destinations/niche_京都_5/index.html (+1ms) 
20:48:00   ├─ /destinations/niche_京都_6/index.html (+1ms) 
20:48:00   ├─ /destinations/niche_大阪_1/index.html (+2ms) 
20:48:00   ├─ /destinations/niche_大阪_2/index.html (+3ms) 
20:48:00   ├─ /destinations/niche_大阪_3/index.html (+2ms) 
20:48:00   ├─ /destinations/niche_兵庫_1/index.html (+2ms) 
20:48:00   ├─ /destinations/niche_兵庫_2/index.html (+2ms) 
20:48:00   ├─ /destinations/niche_兵庫_4/index.html (+2ms) 
20:48:00   ├─ /destinations/niche_奈良_1/index.html (+2ms) 
20:48:00   ├─ /destinations/niche_奈良_2/index.html (+1ms) 
20:48:00   ├─ /destinations/niche_奈良_3/index.html (+1ms) 
20:48:00   ├─ /destinations/niche_奈良_4/index.html (+2ms) 
20:48:00   ├─ /destinations/niche_奈良_6/index.html (+2ms) 
20:48:00   ├─ /destinations/niche_奈良_8/index.html (+2ms) 
20:48:00   ├─ /destinations/niche_和歌山_1/index.html (+2ms) 
20:48:00   ├─ /destinations/niche_和歌山_2/index.html (+2ms) 
20:48:00   ├─ /destinations/niche_和歌山_3/index.html (+1ms) 
20:48:00   ├─ /destinations/niche_和歌山_6/index.html (+2ms) 
20:48:00   ├─ /destinations/niche_和歌山_8/index.html (+2ms) 
20:48:00   ├─ /destinations/niche_鳥取_1/index.html (+2ms) 
20:48:00   ├─ /destinations/niche_鳥取_2/index.html (+1ms) 
20:48:00   ├─ /destinations/niche_鳥取_5/index.html (+1ms) 
20:48:00   ├─ /destinations/niche_鳥取_8/index.html (+2ms) 
20:48:00   ├─ /destinations/niche_島根_1/index.html (+2ms) 
20:48:00   ├─ /destinations/niche_島根_4/index.html (+1ms) 
20:48:00   ├─ /destinations/niche_島根_6/index.html (+2ms) 
20:48:00   ├─ /destinations/niche_岡山_3/index.html (+2ms) 
20:48:00   ├─ /destinations/niche_広島_6/index.html (+3ms) 
20:48:00   ├─ /destinations/niche_山口_2/index.html (+2ms) 
20:48:00   ├─ /destinations/niche_山口_4/index.html (+2ms) 
20:48:00   ├─ /destinations/niche_山口_6/index.html (+2ms) 
20:48:00   ├─ /destinations/niche_徳島_2/index.html (+2ms) 
20:48:00   ├─ /destinations/niche_徳島_4/index.html (+2ms) 
20:48:00   ├─ /destinations/niche_徳島_6/index.html (+2ms) 
20:48:00   ├─ /destinations/niche_香川_1/index.html (+2ms) 
20:48:00   ├─ /destinations/niche_香川_2/index.html (+1ms) 
20:48:00   ├─ /destinations/niche_香川_6/index.html (+2ms) 
20:48:00   ├─ /destinations/niche_高知_1/index.html (+2ms) 
20:48:00   ├─ /destinations/niche_高知_5/index.html (+2ms) 
20:48:00   ├─ /destinations/niche_高知_6/index.html (+2ms) 
20:48:00   ├─ /destinations/niche_福岡_2/index.html (+2ms) 
20:48:00   ├─ /destinations/niche_福岡_3/index.html (+1ms) 
20:48:00   ├─ /destinations/niche_福岡_4/index.html (+2ms) 
20:48:00   ├─ /destinations/niche_福岡_6/index.html (+2ms) 
20:48:00   ├─ /destinations/niche_福岡_7/index.html (+2ms) 
20:48:00   ├─ /destinations/niche_佐賀_1/index.html (+2ms) 
20:48:00   ├─ /destinations/niche_佐賀_5/index.html (+1ms) 
20:48:00   ├─ /destinations/niche_佐賀_6/index.html (+1ms) 
20:48:00   ├─ /destinations/niche_長崎_3/index.html (+1ms) 
20:48:00   ├─ /destinations/niche_長崎_4/index.html (+1ms) 
20:48:00   ├─ /destinations/niche_長崎_7/index.html (+1ms) 
20:48:00   ├─ /destinations/niche_熊本_1/index.html (+3ms) 
20:48:00   ├─ /destinations/niche_熊本_2/index.html (+2ms) 
20:48:00   ├─ /destinations/niche_熊本_5/index.html (+2ms) 
20:48:00   ├─ /destinations/niche_熊本_6/index.html (+1ms) 
20:48:00   ├─ /destinations/niche_熊本_8/index.html (+1ms) 
20:48:00   ├─ /destinations/niche_大分_1/index.html (+1ms) 
20:48:00   ├─ /destinations/niche_大分_2/index.html (+1ms) 
20:48:00   ├─ /destinations/niche_大分_3/index.html (+2ms) 
20:48:00   ├─ /destinations/niche_大分_4/index.html (+2ms) 
20:48:00   ├─ /destinations/niche_宮崎_2/index.html (+2ms) 
20:48:00   ├─ /destinations/niche_宮崎_3/index.html (+2ms) 
20:48:00   ├─ /destinations/niche_宮崎_4/index.html (+2ms) 
20:48:00   ├─ /destinations/niche_宮崎_6/index.html (+2ms) 
20:48:00   ├─ /destinations/niche_宮崎_7/index.html (+2ms) 
20:48:00   ├─ /destinations/niche_鹿児島_1/index.html (+2ms) 
20:48:00   ├─ /destinations/niche_鹿児島_2/index.html (+2ms) 
20:48:00   ├─ /destinations/niche_鹿児島_3/index.html (+2ms) 
20:48:00   ├─ /destinations/niche_鹿児島_5/index.html (+2ms) 
20:48:00   ├─ /destinations/niche_沖縄_1/index.html (+2ms) 
20:48:00   ├─ /destinations/sapporo/index.html (+1ms) 
20:48:00   ├─ /destinations/aomori/index.html (+2ms) 
20:48:00   ├─ /destinations/maebashi/index.html (+2ms) 
20:48:00   ├─ /destinations/yamagata/index.html (+1ms) 
20:48:00   ├─ /destinations/fukushima/index.html (+2ms) 
20:48:00   ├─ /destinations/kofu/index.html (+3ms) 
20:48:00   ├─ /destinations/matsue/index.html (+2ms) 
20:48:00   ├─ /destinations/yamaguchi/index.html (+2ms) 
20:48:00   ├─ /destinations/kochi/index.html (+2ms) 
20:48:00   ├─ /destinations/saga/index.html (+1ms) 
20:48:00   ├─ /destinations/oita/index.html (+2ms) 
20:48:00   ├─ /destinations/miyazaki/index.html (+2ms) 
20:48:00   ├─ /destinations/wakimachi/index.html (+2ms) 
20:48:00   ├─ /destinations/arimatsu/index.html (+2ms) 
20:48:00   ├─ /destinations/asuke/index.html (+2ms) 
20:48:00   ├─ /destinations/unno-juku/index.html (+2ms) 
20:48:00   ├─ /destinations/yame/index.html (+2ms) 
20:48:00   ├─ /destinations/takatori/index.html (+1ms) 
20:48:00   ├─ /destinations/seki-juku/index.html (+2ms) 
20:48:00   ├─ /destinations/hiketa/index.html (+2ms) 
20:48:00   ├─ /destinations/ubayu-onsen/index.html (+1ms) 
20:48:00   ├─ /destinations/jindaiji/index.html (+1ms) 
20:48:00   ├─ /destinations/kunitachi/index.html (+2ms) 
20:48:00   ├─ /destinations/todoroki-keikoku/index.html (+1ms) 
20:48:00   ├─ /destinations/gyoda/index.html (+2ms) 
20:48:00   ├─ /destinations/kinchakuda/index.html (+2ms) 
20:48:00   ├─ /destinations/soka-matsubara/index.html (+2ms) 
20:48:00   ├─ /destinations/fukaya/index.html (+2ms) 
20:48:00   ├─ /destinations/higashichichibu/index.html (+2ms) 
20:48:00   ├─ /destinations/kisarazu/index.html (+3ms) 
20:48:00   ├─ /destinations/futtsu-misaki/index.html (+2ms) 
20:48:00   ├─ /destinations/kasamori-kannon/index.html (+2ms) 
20:48:00   ├─ /destinations/shirahama-boso/index.html (+2ms) 
20:48:00   ├─ /destinations/kawasaki-daishi/index.html (+2ms) 
20:48:00   ├─ /destinations/miyagase/index.html (+2ms) 
20:48:00   ├─ /destinations/oyama-afuri/index.html (+1ms) 
20:48:00   ├─ /destinations/shomyoji/index.html (+1ms) 
20:48:00   ├─ /destinations/kannojigoku/index.html (+1ms) 
20:48:00   ├─ /destinations/yunohira-onsen/index.html (+1ms) 
20:48:00   ├─ /destinations/hagenoyu-onsen/index.html (+1ms) 
20:48:00   ├─ /destinations/yunotsuru-onsen/index.html (+2ms) 
20:48:00   ├─ /destinations/tsuetate-onsen/index.html (+2ms) 
20:48:00   ├─ /destinations/funagoya-onsen/index.html (+2ms) 
20:48:00   ├─ /destinations/kumanokawa-onsen/index.html (+1ms) 
20:48:00   ├─ /destinations/furuyu-onsen/index.html (+2ms) 
20:48:00   ├─ /destinations/hinokage-onsen/index.html (+2ms) 
20:48:00   ├─ /destinations/namari-onsen/index.html (+1ms) 
20:48:00   ├─ /destinations/geto-onsen/index.html (+2ms) 
20:48:00   ├─ /destinations/matsukawa-iwate/index.html (+2ms) 
20:48:00   ├─ /destinations/gaga-onsen/index.html (+2ms) 
20:48:00   ├─ /destinations/kuroyu/index.html (+2ms) 
20:48:00   ├─ /destinations/doroyu/index.html (+2ms) 
20:48:00   ├─ /destinations/tokusa/index.html (+2ms) 
20:48:00   ├─ /destinations/kaikake/index.html (+3ms) 
20:48:00   ├─ /destinations/nakabusa/index.html (+2ms) 
20:48:00   ├─ /destinations/kuronagi/index.html (+1ms) 
20:48:00   ├─ /destinations/nigorigo/index.html (+2ms) 
20:48:00   ├─ /destinations/nishiyama-yama/index.html (+2ms) 
20:48:00   ├─ /destinations/umegashima/index.html (+2ms) 
20:48:00   ├─ /destinations/horoka/index.html (+2ms) 
20:48:00   ├─ /destinations/osawa-onsen/index.html (+2ms) 
20:48:00   ├─ /destinations/yubama/index.html (+2ms) 
20:48:00   ├─ /destinations/kanigasaki/index.html (+2ms) 
20:48:00   ├─ /destinations/utto/index.html (+2ms) 
20:48:00   ├─ /destinations/seorasou/index.html (+2ms) 
20:48:00   ├─ /destinations/yunohana-fk/index.html (+1ms) 
20:48:00   ├─ /destinations/tsubame-onsen/index.html (+1ms) 
20:48:00   ├─ /destinations/yumata/index.html (+1ms) 
20:48:00   ├─ /destinations/kamikitayama/index.html (+2ms) 
20:48:00   ├─ /destinations/iwai-tottori/index.html (+1ms) 
20:48:00   ├─ /destinations/misasa2/index.html (+1ms) 
20:48:00   ├─ /destinations/yuki-hiroshima/index.html (+1ms) 
20:48:00   ├─ /destinations/yunoyama/index.html (+1ms) 
20:48:00   ├─ /destinations/yumura-hyogo/index.html (+2ms) 
20:48:00   ├─ /destinations/shioda/index.html (+2ms) 
20:48:00   ├─ /destinations/sumoto-onsen/index.html (+2ms) 
20:48:00   ├─ /destinations/arifuku/index.html (+2ms) 
20:48:00   ├─ /destinations/izumoyumura/index.html (+3ms) 
20:48:00   ├─ /destinations/shikano/index.html (+2ms) 
20:48:00   ├─ /destinations/togo/index.html (+2ms) 
20:48:00   ├─ /destinations/yoshioka/index.html (+1ms) 
20:48:00   ├─ /destinations/miyahama/index.html (+2ms) 
20:48:00   ├─ /destinations/nagatoyumoto/index.html (+2ms) 
20:48:00   ├─ /destinations/tawarayama/index.html (+1ms) 
20:48:00   ├─ /destinations/yuno-yamaguchi/index.html (+1ms) 
20:48:00   ├─ /destinations/nibukawa/index.html (+1ms) 
20:48:00   ├─ /destinations/yunoura/index.html (+1ms) 
20:48:00   ├─ /destinations/chugu/index.html (+1ms) 
20:48:00   ├─ /destinations/yunomine/index.html (+2ms) 
20:48:00   ├─ /destinations/iizaka/index.html (+1ms) 
20:48:00   ├─ /destinations/higashiyama-aizu/index.html (+1ms) 
20:48:00   ├─ /destinations/yamanaka-onsen/index.html (+2ms) 
20:48:00   ├─ /destinations/hirayu/index.html (+2ms) 
20:48:00   ├─ /destinations/shinhotaka/index.html (+1ms) 
20:48:00   ├─ /destinations/kaike/index.html (+1ms) 
20:48:00   ├─ /destinations/imajo/index.html (+2ms) 
20:48:00   ├─ /destinations/mitarai/index.html (+1ms) 
20:48:00   ├─ /destinations/unomachi/index.html (+1ms) 
20:48:00   ├─ /destinations/murata-miyagi/index.html (+1ms) 
20:48:00   ├─ /destinations/akaiwa-gunma/index.html (+1ms) 
20:48:00   ├─ /destinations/inariyama/index.html (+1ms) 
20:48:00   ├─ /destinations/index.html (+6ms) 
20:48:00   ├─ /hub/sapporo/index.html (+7ms) 
20:48:00   ├─ /hub/utsunomiya/index.html (+3ms) 
20:48:00   ├─ /hub/tokyo/index.html (+4ms) 
20:48:00   ├─ /hub/mito/index.html (+4ms) 
20:48:00   ├─ /hub/naha/index.html (+3ms) 
20:48:00   ├─ /hub/osaka/index.html (+4ms) 
20:48:00   ├─ /hub/hiroshima/index.html (+3ms) 
20:48:00   ├─ /hub/maebashi/index.html (+3ms) 
20:48:00   ├─ /hub/morioka/index.html (+3ms) 
20:48:00   ├─ /hub/nagoya/index.html (+4ms) 
20:48:00   ├─ /hub/aomori/index.html (+2ms) 
20:48:00   ├─ /hub/matsumoto/index.html (+2ms) 
20:48:00   ├─ /hub/sendai/index.html (+2ms) 
20:48:00   ├─ /hub/fukuoka/index.html (+3ms) 
20:48:00   ├─ /hub/takamatsu/index.html (+4ms) 
20:48:00   ├─ /hub/matsue/index.html (+2ms) 
20:48:00   ├─ /hub/kumamoto/index.html (+2ms) 
20:48:00   ├─ /hub/kagoshima/index.html (+2ms) 
20:48:00   ├─ /hub/kanazawa/index.html (+2ms) 
20:48:00   ├─ /hub/matsuyama/index.html (+2ms) 
20:48:00   ├─ /hub/kushiro/index.html (+2ms) 
20:48:00   ├─ /hub/okayama/index.html (+3ms) 
20:48:00   ├─ /hub/yamagata/index.html (+2ms) 
20:48:00   ├─ /hub/kochi/index.html (+2ms) 
20:48:00   ├─ /hub/niigata/index.html (+2ms) 
20:48:00   ├─ /hub/nagasaki/index.html (+2ms) 
20:48:00   ├─ /hub/kyoto/index.html (+2ms) 
20:48:00   ├─ /hub/fukui/index.html (+2ms) 
20:48:00   ├─ /hub/miyazaki/index.html (+2ms) 
20:48:00   ├─ /hub/asahikawa/index.html (+2ms) 
20:48:00   ├─ /hub/tokushima/index.html (+2ms) 
20:48:00   ├─ /hub/saga/index.html (+5ms) 
20:48:00   ├─ /hub/kofu/index.html (+3ms) 
20:48:00   ├─ /hub/shizuoka/index.html (+2ms) 
20:48:00   ├─ /hub/gifu/index.html (+3ms) 
20:48:00   ├─ /hub/tottori/index.html (+3ms) 
20:48:00   ├─ /hub/kobe/index.html (+3ms) 
20:48:00   ├─ /hub/hakodate/index.html (+3ms) 
20:48:00   ├─ /hub/toyama/index.html (+2ms) 
20:48:00   ├─ /hub/iida/index.html (+2ms) 
20:48:00   ├─ /hub/himeji/index.html (+2ms) 
20:48:00   ├─ /hub/yokohama/index.html (+2ms) 
20:48:00   ├─ /hub/nara/index.html (+2ms) 
20:48:00   ├─ /hub/ishigaki/index.html (+2ms) 
20:48:00   ├─ /hub/miyakojima/index.html (+2ms) 
20:48:00   ├─ /hub/toba/index.html (+2ms) 
20:48:00   ├─ /hub/akita/index.html (+2ms) 
20:48:00   ├─ /hub/kushimoto/index.html (+3ms) 
20:48:00   ├─ /hub/shimonoseki/index.html (+4ms) 
20:48:00   ├─ /kyushu-fukko/index.html (+2ms) 
20:48:00   ├─ /list/index.html (+9ms) 
20:48:00   ├─ /privacy/index.html (+1ms) 
20:48:00   ├─ /sitemap.xml (+2ms) 
20:48:00   ├─ /terms/index.html (+1ms) 
20:48:00   ├─ /index.html (+133ms) 
20:48:00 ✓ Completed in 2.81s.

20:48:00 [build] ✓ Completed in 9.36s.
20:48:00 [build] 1342 page(s) built in 10.08s
20:48:00 [build] Complete!
