■ 1回目で照合できなかった 123件を、検索語を足して追う
   ❌   7929m 黒石こみせ通り              「津軽こけし館 黒石」→ 津軽こけし館 津軽こけし館 津軽こけし館
   ❌   7466m 北山崎                  「鵜の巣断崖 田野畑」→ 鵜の巣断崖 鵜の巣断崖
   ❌   8947m 登米の蔵の町並み             「教育資料館 登米」→ 教育資料館 教育資料館
   ❌    809m 湯瀬温泉                 「湯瀬渓谷 鹿角」→ 湯瀬渓谷 湯瀬渓谷
   ❌   1088m 小坂鉄道遺産と銀山跡           「康楽館 小坂」→ 康楽館 康楽館 康楽館
   ❌   3826m 白鷹町べにばな温泉郷           「道の駅白鷹ヤナ公園 白鷹」→ 道の駅白鷹ヤナ公園 道の駅白鷹ヤナ公園
   ❌  56593m 磯原漁港                 「磯原海岸 茨城県」→ 御本殿玉垣竣工記念 御本殿玉垣竣工記念
   ❌   1627m 桐生の工場跡と町並み           「有鄰館 桐生」→ 有鄰館 有鄰館
   ❌  22625m 寄居町の荒川渓谷             「玉淀湖 埼玉県」→ 埼玉縣信用金庫ローンセンター 埼玉縣信用金庫ローンセンター
   ❌   1067m 開成町水田                「あしがり郷瀬戸屋敷 開成」→ あしがり郷　瀬戸屋敷 あしがり郷　瀬戸屋敷
   ❌   2775m 瀬波温泉                 「イヨボヤ会館 村上」→ イヨボヤ会館 イヨボヤ会館
   ❌  22236m 寺泊アメの横丁              「寺泊水族博物館 長岡」→ 寺泊水族博物館 (TERADOMARI AQUARIUM) 
   ❌  12383m 越後松代の棚田と旧街道          「美人林 十日町」→ 美人林 美人林
   ❌   1677m 加茂の古い酒蔵群と職人街         「加茂山公園 加茂」→ 加茂山公園 加茂山公園
   ❌   1057m 庄川峡                  「庄川水記念公園 庄川」→ 庄川水記念公園 特産館 庄川水記念公園 特産館
   ❌   4685m 舟川べり                 「ヒスイ海岸 朝日」→ Hisui Terrace - ヒスイ海岸観光交流拠点施設 
   ❌   5888m 加佐ノ岬                 「尼御前岬 加賀」→ 越前加賀海岸国定公園　尼御前岬 越前加賀海岸国定公園　尼御前
   ❌  17781m 九頭竜湖・西野ダム展望台         「道の駅九頭竜 大野」→ 道の駅九頭竜 道の駅九頭竜
   ❌   1692m 道志村渓谷                「道志の湯 道志」→ 道志の湯 道志の湯
   ❌  61485m 南部町・湯船温泉             「湯船温泉 山梨県」→ 道志川温泉 紅椿の湯 道志川温泉 紅椿の湯
   ❌    608m 丹波山温泉・多摩川源流          「道の駅たばやま 丹波山」→ 道の駅たばやま 道の駅たばやま
   ❌   3134m 塩山梅林                 「恵林寺 甲州」→ 恵林寺 恵林寺 恵林寺
   ❌   7242m 昼神温泉                 「ヘブンスそのはら 阿智」→ ヘブンスそのはら ヘブンスそのはら ヘブンスそのはら
   ❌  18122m 付知峡                  「道の駅花街道付知 中津川」→ 道の駅 花街道付知 道の駅 花街道付知
   ❌   2727m 養老公園                 「養老天命反転地 養老」→ 養老天命反転地 養老天命反転地 養老天命反転地
   ❌  11175m 須走温泉                 「冨士浅間神社 小山」→ 東口本宮冨士浅間神社 東口本宮冨士浅間神社 東口本宮冨士浅間
   ❌  16194m 奥大井湖上駅               「奥大井湖上駅 川根本」→ 奥大井湖上 奥大井湖上 奥大井湖上
   ❌  12213m 鳳来峡                  「鳳来寺山 新城」→ 鳳来寺山 鳳来寺山 鳳来寺山
   ❌    785m 内子町の三間町並み            「内子座 内子」→ 内子座 内子座 内子座
   ❌   2886m 南木曽宿場町               「桃介橋 南木曽」→ 桃介橋 桃介橋 桃介橋
   ❌   2504m 吉良町漁村                「華蔵寺 西尾」→ 華蔵寺 華蔵寺
   ❌   6592m 海山湾                  「銚子川 紀北」→ 銚子川 銚子川 銚子川
   ❌   1475m 日野商人の町並み             「馬見岡綿向神社 日野」→ 馬見岡綿向神社 馬見岡綿向神社 馬見岡綿向神社
   ❌   8773m 加悦谷                  「ちりめん街道 与謝野」→ ちりめん街道 ちりめん街道 ちりめん街道
   ❌   4019m 青谷地区                 「青谷梅林 城陽」→ 青谷梅林 青谷梅林 青谷梅林
   ❌   6397m 由良川渓谷                「安国寺 綾部」→ 安国寺 安国寺
   ❌   4821m 能勢白滝                 「白滝 能勢」→ 白滝滝王 白滝滝王 白滝滝王
   ❌  23122m 武庫川渓谷                「武庫川渓谷 兵庫県」→ 武庫川女子大学 薬学部 武庫川女子大学 薬学部
   ❌   8402m 湯村温泉・荒湯地獄            「荒湯地獄谷 新温泉」→ 荒湯 荒湯
   ❌   6734m 鳥飼漁港と丸島番所跡           「慶野松原 南あわじ」→ 慶野松原 慶野松原
   ❌    583m 湯浅醤油蔵と古い町並み          「甚風呂 湯浅」→ 甚風呂 甚風呂
   ❌   2223m 北山村いかだ下り             「道の駅おくとろ 北山」→ 道の駅おくとろ 道の駅おくとろ
   ❌   1866m 東郷湖                  「はわい温泉 湯梨浜」→ はわい温泉 はわい温泉 はわい温泉
   ❌   5772m 若桜町商店街               「不動院岩屋堂 若桜」→ 不動院岩屋堂 不動院岩屋堂
   ❌   8834m 小松温泉                 「三徳山三佛寺 三朝」→ 三徳山三佛寺 三徳山三佛寺 三徳山三佛寺
   ❌  13981m 斐伊川荒島地区              「須我神社 雲南」→ 須我神社 須我神社
   ❌   2133m 黒淵の滝                 「医光寺 益田」→ 医光寺 医光寺
   ❌   6100m 閑谷学校                 「閑谷学校 備前」→ 閑谷学校 閑谷学校
   ❌   2736m 仙崎漁港                 「金子みすゞ記念館 長門」→ 金子みすゞ記念館 金子みすゞ記念館 金子みすゞ記念館
   ❌   1572m 藍住町                  「藍の館 藍住」→ 藍住町歴史館・藍の館 藍住町歴史館・藍の館 藍住町歴史館・藍
   ❌   2313m 神山町                  「雨乞の滝 神山」→ 雨乞の滝 雨乞の滝 雨乞の滝
   ❌   4992m 与島PA展望台              「瀬戸大橋記念公園 坂出」→ 瀬戸大橋記念公園 瀬戸大橋記念公園
   ❌   6629m 仁尾の町並みと造り酒屋          「父母ヶ浜 三豊」→ 父母ヶ浜(ちちぶがはま)海水浴場 父母ヶ浜(ちちぶがはま)海
   ❌   4899m 満濃池                  「国営讃岐まんのう公園 まんのう」→ 国営讃岐まんのう公園 国営讃岐まんのう公園 国営讃岐まんのう
   ❌   3392m 日高村                  「名越屋沈下橋 日高」→ 名越屋沈下橋 名越屋沈下橋 名越屋沈下橋
   ❌  10919m うきは市                 「つづら棚田 うきは」→ つづら棚田 つづら棚田
   ❌   3556m 三井三池炭鉱               「大牟田動物園 大牟田」→ 大牟田市動物園 大牟田市動物園
   ❌   1671m 英彦山                  「英彦山神宮 田川郡添田」→ 英彦山神宮 英彦山神宮 英彦山神宮
   ❌   3879m 白石温泉                 「稲佐神社 白石」→ 稲佐神社 稲佐神社
   ❌   8077m 太良町の海中鳥居             「竹崎城址展望台 太良」→ 竹崎城址展望台 竹崎城址展望台
   ❌   3951m 産山村の星の宮古墳            「池山水源 産山」→ 池山水源
   ❌    927m 菊池渓谷の滝群              「菊池神社 菊池」→ 菊池神社 菊池神社
   ❌   5146m 白糸台地の棚田              「雨宮神社 相良」→ 雨宮神社 雨宮神社
   ❌  21434m 三角町の漁師町              「天門橋 宇城」→ 天門橋 天門橋（一号橋） 天門橋
   ❌   1605m 西米良村 仙人の湯            「かりこぼうず大橋 西米良」→ かりこぼうず大橋 かりこぼうず大橋
   ❌  14177m みやざき地鶏の里             「諸塚山 諸塚」→ 諸塚山 諸塚山 諸塚山
   ❌  13194m 渡川温泉                 「すきむらんど 小林」→ すきむらんど;かじかの湯 すきむらんど;かじかの湯

   照合できた 71 / 123件 / 400m超 67件
      61485m niche_山梨_2         南部町・湯船温泉
      56593m niche_茨城_2         磯原漁港
      23122m niche_兵庫_1         武庫川渓谷
      22625m niche_埼玉_1         寄居町の荒川渓谷
      22236m niche_新潟_2         寺泊アメの横丁
      21434m niche_熊本_8         三角町の漁師町
      18122m niche_岐阜_4         付知峡
      17781m niche_福井_4         九頭竜湖・西野ダム展望台
      16194m niche_静岡_6         奥大井湖上駅
      14177m niche_宮崎_3         みやざき地鶏の里
      13981m niche_島根_1         斐伊川荒島地区
      13194m niche_宮崎_4         渡川温泉
      12383m niche_新潟_3         越後松代の棚田と旧街道
      12213m niche_愛知_3         鳳来峡
      11175m niche_静岡_2         須走温泉
      10919m niche_福岡_2         うきは市
       8947m niche_宮城_5         登米の蔵の町並み
       8834m niche_鳥取_5         小松温泉
       8773m niche_京都_1         加悦谷
       8402m niche_兵庫_2         湯村温泉・荒湯地獄
       8077m niche_佐賀_6         太良町の海中鳥居
       7929m niche_青森_4         黒石こみせ通り
       7466m niche_岩手_1         北山崎
       7242m niche_長野_1         昼神温泉
       6734m niche_兵庫_4         鳥飼漁港と丸島番所跡
       6629m niche_香川_2         仁尾の町並みと造り酒屋
       6592m niche_三重_3         海山湾
       6397m niche_京都_5         由良川渓谷
       6100m niche_岡山_3         閑谷学校
       5888m niche_石川_4         加佐ノ岬
       5772m niche_鳥取_2         若桜町商店街
       5146m niche_熊本_6         白糸台地の棚田
       4992m niche_香川_1         与島PA展望台
       4899m niche_香川_6         満濃池
       4821m niche_大阪_1         能勢白滝
       4685m niche_富山_4         舟川べり
       4019m niche_京都_3         青谷地区
       3951m niche_熊本_2         産山村の星の宮古墳
       3879m niche_佐賀_1         白石温泉
       3826m niche_山形_1         白鷹町べにばな温泉郷
       3556m niche_福岡_4         三井三池炭鉱
       3392m niche_高知_6         日高村
       3134m niche_山梨_7         塩山梅林
       2886m niche_愛知_5         南木曽宿場町
       2775m niche_新潟_1         瀬波温泉
       2736m niche_山口_4         仙崎漁港
       2727m niche_岐阜_8         養老公園
       2504m niche_愛知_7         吉良町漁村
       2313m niche_徳島_6         神山町
       2223m niche_和歌山_3        北山村いかだ下り
       2133m niche_島根_6         黒淵の滝
       1866m niche_鳥取_1         東郷湖
       1692m niche_山梨_1         道志村渓谷
       1677m niche_新潟_6         加茂の古い酒蔵群と職人街
       1671m niche_福岡_6         英彦山
       1627m niche_群馬_4         桐生の工場跡と町並み
       1605m niche_宮崎_2         西米良村 仙人の湯
       1572m niche_徳島_4         藍住町
       1475m niche_滋賀_1         日野商人の町並み
       1088m niche_秋田_4         小坂鉄道遺産と銀山跡
       1067m niche_神奈川_5        開成町水田
       1057m niche_富山_1         庄川峡
        927m niche_熊本_5         菊池渓谷の滝群
        809m niche_秋田_1         湯瀬温泉
        785m niche_愛知_4         内子町の三間町並み
        608m niche_山梨_3         丹波山温泉・多摩川源流
        583m niche_和歌山_1        湯浅醤油蔵と古い町並み
