✅ [1/143] aizu-bandaisan (磐梯山) Wikipedia 960x720(184KB)→3264x2448(3898KB)
✅ [2/143] akiyamago (秋山郷) Commons 640x480(74KB)→1920x1280(660KB)
✅ [3/143] amaharashi (雨晴海岸) Wikipedia 960x1280(321KB)→3840x2571(1723KB)
✅ [4/143] aogashima (青ヶ島) Commons 3840x4791(4518KB)→1920x1440(538KB)
✅ [5/143] arimatsu (有松) Commons 853x1280(308KB)→1920x1280(631KB)
✅ [6/143] asakuradan (秋月城下町) Commons 800x532(269KB)→1920x1440(1109KB)
✅ [7/143] atami (熱海) Commons 1200x1800(358KB)→1920x1280(440KB)
✅ [8/143] awashima-kagawa (粟島) Commons 640x480(34KB)→1920x803(384KB)
✅ [9/143] boso-hills (養老渓谷) Wikipedia 960x720(243KB)→2048x1536(2088KB)
✅ [10/143] chiba-zoo (千葉動物公園) Commons 960x1367(1113KB)→1920x1280(605KB)
✅ [11/143] choshi (銚子) Commons 1280x1280(46KB)→1920x1280(406KB)
✅ [12/143] echizen-cape (越前岬) Wikipedia 960x640(214KB)→3840x2560(2372KB)
✅ [13/143] echizen-cliff (越前竹人形の里) Wikipedia 960x640(257KB)→3840x2560(3281KB)
✅ [14/143] fukui-castle (丸岡城) Wikipedia 960x640(289KB)→1500x1000(2081KB)
✅ [15/143] fukuoka (福岡) Wikipedia 853x1280(187KB)→2048x1535(506KB)
✅ [16/143] gen_北海_十勝岳温泉 (十勝岳温泉) Wikipedia 480x640(89KB)→2560x1920(1014KB)
✅ [17/143] gen_北海_天に続く道 (天に続く道) Commons 1920x2560(1193KB)→1920x150(119KB)
✅ [18/143] gen_北海_天塩川温泉 (天塩川温泉) Wikipedia 960x720(202KB)→3840x2880(1814KB)
✅ [19/143] gen_北海_太田山神社 (太田山神社) Commons 2736x2958(3571KB)→1920x1440(974KB)
✅ [20/143] gen_北海_山彦の滝 (山彦の滝) Commons 1920x2560(1795KB)→1920x1440(1095KB)
✅ [21/143] gen_北海_川汲温泉 (川汲温泉) Wikipedia 851x1280(271KB)→3000x2548(1552KB)
✅ [22/143] gen_北海_戸切地陣屋 (戸切地陣屋) Commons 905x904(933KB)→1920x1555(2486KB)
✅ [23/143] gen_北海_浜頓別温泉 (浜頓別温泉) Wikipedia 960x720(148KB)→3840x2880(1478KB)
✅ [24/143] gen_北海_滝の湯温泉 (滝の湯温泉) Wikipedia 960x720(154KB)→2560x1920(1023KB)
✅ [25/143] gen_北海_盃温泉 (盃温泉) Wikipedia 960x1280(304KB)→2560x1920(1037KB)
✅ [26/143] gen_北海_相泊温泉 (相泊温泉) Wikipedia 853x1280(298KB)→1024x768(176KB)
✅ [27/143] gen_栃木_三斗小屋温泉 (三斗小屋温泉) Wikipedia 300x225(55KB)→3840x2880(1446KB)
✅ [28/143] gen_栃木_太平山神社 (太平山神社) Wikipedia 853x1280(215KB)→3840x2571(1773KB)
✅ [29/143] gen_群馬_上牧温泉 (上牧温泉) Wikipedia 960x1280(382KB)→2048x1536(1478KB)
✅ [30/143] gen_群馬_奥嬬恋温泉 (奥嬬恋温泉) Wikipedia 853x1280(554KB)→3000x2548(4121KB)
✅ [31/143] gen_群馬_片品温泉 (片品温泉) Wikipedia 960x1280(322KB)→3000x2548(4121KB)
✅ [32/143] gen_青森_落合温泉 (落合温泉) Commons 853x1280(291KB)→1920x1280(962KB)
✅ [33/143] gen_青森_馬門温泉 (馬門温泉) Unsplash 853x1280(521KB)→1600x1032(550KB)
✅ [34/143] gonosen (五能線沿線) Commons 1080x658(42KB)→1920x1440(700KB)
✅ [35/143] gujo-hachiman (郡上八幡) Wikipedia 853x1280(600KB)→3072x2048(3228KB)
✅ [36/143] hachimantai (八幡平) Commons 640x444(122KB)→1920x1280(584KB)
✅ [37/143] hakone-2 (箱根湯本) Wikipedia 960x720(185KB)→2592x1944(2702KB)
✅ [38/143] hakushu (白州) Commons 960x643(184KB)→1920x1078(859KB)
✅ [39/143] hayakawa (早川町) Wikipedia 960x720(237KB)→3840x2880(2120KB)
✅ [40/143] hiruzen (蒜山高原) Wikipedia 960x638(153KB)→3840x2550(1298KB)
✅ [41/143] hyo-sho (一乗谷朝倉氏遺跡) Wikipedia 960x640(214KB)→3840x2560(2054KB)
✅ [42/143] ibusuki-onsen (指宿温泉) Wikipedia 960x720(215KB)→2592x1944(2804KB)
✅ [43/143] ichinoseki (一関) Commons 1280x828(41KB)→1920x1440(1401KB)
✅ [44/143] ikaho (伊香保) Commons 2000x3008(2629KB)→1920x1082(462KB)
✅ [45/143] inawashiro (猪苗代湖) Wikipedia 960x720(110KB)→1024x768(206KB)
✅ [46/143] iwaishima (祝島) Wikipedia 1024x576(36KB)→3840x2880(5780KB)
✅ [47/143] iwaki-spa (いわき湯本温泉) Wikipedia 960x720(272KB)→2464x1848(815KB)
✅ [48/143] izu-oshima (伊豆大島) Commons 600x830(197KB)→1920x1280(556KB)
✅ [49/143] jigokudani (地獄谷野猿公苑) Commons 800x600(130KB)→1920x1281(990KB)
✅ [50/143] kagoshima-city (鹿児島) Commons 960x638(161KB)→1920x1440(1197KB)
✅ [51/143] kasaoka-islands (笠岡諸島) Wikipedia 960x720(176KB)→1280x960(560KB)
✅ [52/143] kasuga-gifu (飛騨大鍾乳洞) Wikipedia 960x720(262KB)→3840x2880(3013KB)
✅ [53/143] kawayu (川湯温泉) Wikipedia 960x720(308KB)→3840x2880(2159KB)
✅ [54/143] kouri-island (古宇利島) Wikipedia 1080x608(40KB)→3840x3840(4168KB)
✅ [55/143] kyoto (京都) Wikipedia 960x641(212KB)→1452x969(798KB)
✅ [56/143] manno (まんのう) Commons 960x494(102KB)→1920x1280(437KB)
✅ [57/143] matsuba-gani (松葉ガニ) Commons 960x640(188KB)→1920x1440(888KB)
✅ [58/143] matsunoyama-onsen (松之山温泉) Commons 800x600(210KB)→1920x1446(969KB)
✅ [59/143] miho-museum (MIHO MUSEUM) Wikipedia 960x643(224KB)→3840x2571(1727KB)
✅ [60/143] mikuni-minato (三国湊) Commons 960x640(251KB)→1920x1280(939KB)
✅ [61/143] minobu (身延) Commons 800x600(153KB)→1920x1440(341KB)
✅ [62/143] miyagi-matsushima-2 (塩釜) Commons 960x539(212KB)→1920x1440(632KB)
✅ [63/143] miyagi-rifu (利府) Commons 800x546(113KB)→1920x1440(1073KB)
✅ [64/143] miyazaki (宮崎) Commons 853x1280(530KB)→1920x334(137KB)
✅ [65/143] mogami-funakudari (最上川舟下り) Commons 960x640(188KB)→1920x1440(754KB)
✅ [66/143] moroyama-2 (宿谷の滝) Unsplash 791x1200(693KB)→1600x1200(394KB)
✅ [67/143] moroyama-saito (高麗神社) Wikipedia 960x720(262KB)→3200x2400(2766KB)
✅ [68/143] mt-bizan (眉山（徳島）) Commons 960x643(196KB)→1920x1280(659KB)
✅ [69/143] mt-fuji-fifth (富士山五合目) Commons 1080x720(32KB)→1920x1280(669KB)
✅ [70/143] mt-yamato (三輪山) Wikipedia 960x641(216KB)→3840x2563(2737KB)
✅ [71/143] nagasaki-city (長崎) Wikipedia 960x640(227KB)→1500x1000(1788KB)
✅ [72/143] nagi-okayama (奈義町) Wikipedia 960x720(155KB)→2048x1536(268KB)
✅ [73/143] nago (名護) Commons 800x661(480KB)→1920x1278(472KB)
✅ [74/143] nagoya-castle (名古屋城) Wikipedia 960x639(167KB)→3840x2555(2143KB)
✅ [75/143] nanao (七尾) Commons 1200x1600(540KB)→1920x1278(755KB)
✅ [76/143] niche_奈良_6 (吉野川源流) Commons 1024x1280(628KB)→1600x1199(477KB)
✅ [77/143] niche_奈良_8 (土佐街道) Commons 854x1280(327KB)→1600x900(250KB)
✅ [78/143] niche_宮城_1 (女川漁港と海産物市場) Unsplash 680x930(187KB)→1600x738(293KB)
✅ [79/143] niche_宮崎_7 (湯の元温泉) Commons 1024x1687(714KB)→1920x1280(990KB)
✅ [80/143] niche_山口_1 (室積漁村) Unsplash 960x720(83KB)→1600x902(129KB)
✅ [81/143] niche_山形_5 (真室川清流そば処) Unsplash 710x480(99KB)→1600x900(348KB)
✅ [82/143] niche_山梨_6 (矢沢発電所跡) Unsplash 1280x850(41KB)→1600x1067(337KB)
✅ [83/143] niche_岐阜_3 (坂祝町木曽川渓谷) Unsplash 853x1280(458KB)→1600x1067(358KB)
✅ [84/143] niche_岐阜_4 (付知峡) Commons 853x1280(631KB)→1920x1277(594KB)
✅ [85/143] niche_岡山_3 (閑谷学校) Wikipedia 853x1280(267KB)→2240x1488(455KB)
✅ [86/143] niche_岩手_1 (北山崎) Commons 737x550(97KB)→1920x1280(841KB)
✅ [87/143] niche_島根_4 (掛合町の鐘乳洞群) Unsplash 1222x1683(448KB)→1600x1071(487KB)
✅ [88/143] niche_徳島_4 (藍住町) Commons 640x480(77KB)→1920x864(332KB)
✅ [89/143] niche_徳島_7 (上板町) Commons 650x829(1054KB)→1920x1081(706KB)
✅ [90/143] niche_徳島_8 (北島町シジミ漁の村) Unsplash 1024x1410(651KB)→1600x900(243KB)
✅ [91/143] niche_新潟_6 (加茂の古い酒蔵群と職人街) Unsplash 855x560(175KB)→1600x1063(331KB)
✅ [92/143] niche_東京_6 (江戸東京たてもの園) Wikipedia 960x1280(382KB)→3840x2160(1253KB)
✅ [93/143] niche_熊本_3 (玉東町の陶芸) Unsplash 687x1142(1634KB)→1600x1067(396KB)
✅ [94/143] niche_長野_2 (馬籠宿) Commons 860x568(81KB)→1920x1280(798KB)
✅ [95/143] niche_青森_1 (種市漁港) Commons 733x550(306KB)→1920x1280(440KB)
✅ [96/143] niche_青森_4 (黒石こみせ通り) Commons 514x516(89KB)→1920x1080(464KB)
✅ [97/143] niche_静岡_6 (奥大井湖上駅) Wikipedia 898x1280(236KB)→1024x768(517KB)
✅ [98/143] niche_鹿児島_2 (関之尾滝) Wikipedia 700x527(95KB)→2304x1536(360KB)
✅ [99/143] niche_鹿児島_3 (白糸の滝) Commons 861x1280(572KB)→1920x1399(1128KB)
✅ [100/143] niigata-spa (月岡温泉) Wikipedia 960x720(297KB)→3840x2557(1920KB)
✅ [101/143] niseko (ニセコ) Wikipedia 853x1280(393KB)→2848x2136(1730KB)
✅ [102/143] noto-kiriko (奥能登) Commons 464x261(80KB)→1920x960(510KB)
✅ [103/143] oarai (大洗) Commons 600x400(200KB)→1920x1278(1166KB)
✅ [104/143] obama-fukui (小浜) Commons 1080x720(38KB)→1920x1440(576KB)
✅ [105/143] ofunato (大船渡) Commons 728x541(66KB)→1920x1440(691KB)
✅ [106/143] ogawa-saitama (小川町) Wikipedia 960x540(124KB)→3840x2160(1696KB)
✅ [107/143] okinawa-naha (那覇) Commons 960x1310(442KB)→1920x1440(474KB)
✅ [108/143] omagari (大曲) Commons 722x1280(505KB)→1920x1080(431KB)
✅ [109/143] osaka (大阪) Wikipedia 960x640(197KB)→3840x2514(2210KB)
✅ [110/143] ryujin-onsen (龍神温泉) Wikipedia 853x1280(525KB)→1024x768(208KB)
✅ [111/143] saga-yoshino (吉野ヶ里歴史公園) Wikipedia 960x487(125KB)→3840x1948(1075KB)
✅ [112/143] saiki (佐伯) Commons 1181x901(36KB)→1920x251(126KB)
✅ [113/143] saitobaru (西都原古墳群) Commons 960x638(130KB)→1920x1277(256KB)
✅ [114/143] seki (関) Commons 960x641(165KB)→1536x1024(385KB)
✅ [115/143] sendai-2 (仙台城) Commons 640x480(88KB)→1920x1280(834KB)
✅ [116/143] senjojiki-aomori (千畳敷海岸) Commons 960x543(169KB)→1920x1280(539KB)
✅ [117/143] shiga-otsu (比叡山延暦寺) Wikipedia 960x640(270KB)→3840x2560(2809KB)
✅ [118/143] shitara (設楽) Commons 960x641(179KB)→1920x1920(747KB)
✅ [119/143] shodoshima-canyon (寒霞渓) Commons 960x1445(581KB)→1920x1276(607KB)
✅ [120/143] shonai (鶴岡) Commons 800x1065(523KB)→1920x1440(1194KB)
✅ [121/143] shosenkyo (昇仙峡) Commons 1167x1800(964KB)→1920x474(483KB)
✅ [122/143] soma-noma (相馬野馬追) Commons 960x1280(676KB)→1920x1440(662KB)
✅ [123/143] susaki (須崎) Commons 853x1280(302KB)→1600x900(211KB)
✅ [124/143] takachihogo-shishiku (椎葉村) Wikipedia 853x1280(450KB)→1968x1466(682KB)
✅ [125/143] takashima-shiga (高島) Commons 956x1280(433KB)→1920x1280(619KB)
✅ [126/143] takeda-castle (竹田城跡) Wikipedia 960x720(273KB)→1280x960(281KB)
✅ [127/143] tanegashima (種子島) Commons 946x710(141KB)→1920x1440(1154KB)
✅ [128/143] tatsuno (龍野) Commons 383x423(110KB)→1920x1440(1064KB)
✅ [129/143] tendou (天童) Commons 800x600(147KB)→1920x1080(696KB)
✅ [130/143] tenkawa (天川村) Wikipedia 960x540(155KB)→3840x2160(1882KB)
✅ [131/143] teuri-island (天売島) Wikipedia 853x1280(171KB)→1200x900(112KB)
✅ [132/143] tokyo (東京) Wikipedia 960x540(151KB)→3840x2160(1622KB)
✅ [133/143] totsukawa-2 (十津川温泉) Wikipedia 960x720(226KB)→3840x2880(1748KB)
✅ [134/143] tottori-castle (鳥取城跡) Commons 960x638(232KB)→1920x1285(537KB)
✅ [135/143] tsuruoka-kinzan (金山町) Wikipedia 960x540(142KB)→3840x2161(1810KB)
✅ [136/143] yamagata (山形) Commons 691x460(231KB)→1920x1280(580KB)
✅ [137/143] yawatahama (八幡浜) Wikipedia 853x1280(261KB)→2272x1704(1779KB)
✅ [138/143] yokohama (横浜) Wikipedia 960x654(117KB)→2494x1700(1832KB)
✅ [139/143] yokosuka (横須賀) Commons 800x1065(388KB)→1920x1446(656KB)
✅ [140/143] yoro-falls (養老の滝) Wikipedia 960x720(348KB)→3840x2880(3509KB)
✅ [141/143] yubara-onsen (湯原温泉) Wikipedia 853x1280(327KB)→2592x1944(1558KB)
✅ [142/143] yufuin-2 (由布院温泉) Wikipedia 852x1280(350KB)→2592x1944(636KB)
✅ [143/143] yunogo (湯郷温泉) Commons 960x1280(423KB)→1920x1283(400KB)

===== 再取得 完了 =====
対象不良: 143 件
成功(置換): 143 件 / 失敗(既存維持): 0 件
Unsplash使用: 11 件 (上限45) / 上限超でスキップ: 0 件
内訳ログ: logs/imageRefetch.json
