  ✅ 深大寺/深大寺本堂: JP-Tokyo-Jindaiji-Temple.JPG [H]
  ✅ 深大寺/深大寺そば: とりそば・いかげそ天トッピング（東京競馬場・馬そば深大寺）20240526-P1 [H]
  ✅ 深大寺/神代植物公園: Jindai Botanical Garden - Japanese Apric [H]
  ✅ 国立/大学通り: Kunitachi-3.jpg [H]
  ✅ 国立/旧国立駅舎: Former Kunitachi Station Building 202008 [H]
  ✅ 国立/谷保天満宮: Yaho Tenmangu.jpg [H]
  ✅ 等々力渓谷/等々力渓谷遊歩道: 等々力渓谷 - panoramio (7).jpg [H]
  ✅ 等々力渓谷/等々力不動尊: 等々力渓谷 等々力不動尊 - panoramio.jpg [H]
  ―  等々力渓谷/日本庭園: 合格画像なし
  ✅ 行田/忍城址: Oshi Castle, yagura-1.jpg [H]
  ✅ 行田/足袋蔵の町並み: 時田足袋蔵（JH27時田蔵1）.jpg [H→S]
  ✅ 行田/古代蓮の里: Gyoda Kodaihasu-no-sato Ancient Lotus Po [H]
  ✅ 巾着田/曼珠沙華群生地: Saitama Kinchakuda 3 xl.jpg [H]
  ✅ 巾着田/高麗川の河原: 日高市高麗川の巾着田 - panoramio.jpg [H]
  ✅ 巾着田/日和田山: 日和田山からの巾着田.jpg [H]
  ✅ 草加松原/松並木の遊歩道: Sōka-Matsubara.jpg [H]
  ―  草加松原/百代橋: 合格画像なし
  ―  草加松原/草加せんべい: 合格画像なし
  ✅ 深谷/深谷駅舎: JR Takasaki Line Fukaya Station Platform [H]
  ✅ 深谷/渋沢栄一記念館: Eiichi Shibusawa Memorial Museum.JPG [H]
  ✅ 深谷/旧煉瓦製造施設: Fukaya Nihon Renga Former Substation Roo [H→S]
  ✅ 東秩父村/和紙の里: Higashichichibu Washinosatu 1.JPG [H]
  ―  東秩父村/天空のポピー: 合格画像なし
  ✅ 東秩父村/大霧山: Tai Mo Shan 2.jpg [H→S]
  ✅ 木更津/中の島大橋: 中の島大橋 (木更津市).JPG [H]
  ✅ 木更津/江川海岸: Sunset view at Egawa seaside.jpg [H]
  ✅ 木更津/證誠寺: Tōkōzan Shōjō-ji Temple 20210905 05.jpg [H→S]
  ―  富津岬/明治百年記念展望塔: 合格画像なし
  ―  富津岬/富津海岸: 合格画像なし
  ―  富津岬/第一海堡の眺め: 合格画像なし
  ✅ 笠森観音/観音堂（四方懸造）: Kannondō, Kasamori-ji temple, Chōnan, Ch [H]
  ―  笠森観音/子授楠: 合格画像なし
  ―  笠森観音/笠森自然林: 合格画像なし
  ✅ 南房総白浜/野島埼灯台: Nojimasaki Lighthouse 2017-09.jpg [H]
  ―  南房総白浜/白浜の磯: 合格画像なし
  ―  南房総白浜/房総フラワーライン: 合格画像なし
  ✅ 川崎大師/大本堂: 川崎大師大本堂03.JPG [H]
  ✅ 川崎大師/仲見世通り: Kawasaki Daishi 201908-4.jpg [H]
  ✅ 川崎大師/大山門: 川崎大師大山門.jpg [H]
  ✅ 宮ヶ瀬湖/宮ヶ瀬ダム: 宮ヶ瀬ダム, Miyagase Dam - panoramio.jpg [H]
  ―  宮ヶ瀬湖/水の郷大吊橋: 合格画像なし
  ✅ 宮ヶ瀬湖/鳥居原園地: 鳥居原駐車場からの風景.jpg [H]
  ✅ 大山阿夫利神社/阿夫利神社下社: Ooyama-afuri-shrine@Isehara.jpg [H]
  ✅ 大山阿夫利神社/大山寺: Oyama-dera 201709b.jpg [H]
  ✅ 大山阿夫利神社/こま参道: Votive lantern for Oyama Afuri jinja.jpg [H]
  ―  称名寺/阿字ヶ池と反橋: 合格画像なし
  ✅ 称名寺/仁王門: 称名寺仁王門.JPG [H]
  ✅ 称名寺/神奈川県立金沢文庫: 250429 Kanazawa-Bunko Museum 02.jpg [H]

スポット画像 採用 35 / 全 48
