❌ ogose                  法恩寺の山門と石碑・電柱                 電柱や信号が目立ち構図が散漫で魅力に欠ける
✅ takatsuki              青空いっぱいに泳ぐカラフルな鯉のぼり群          色鮮やかで華やかな季節感があり旅情を誘う景観
❌ kumano-kodo            熊野古道の案内看板と売店施設               看板・売店が主役で景観の魅力が伝わらない
❌ okayama-city           交差点と大型ガラス張り建物と歩行者            道路・信号・電線が主役で観光的魅力に欠ける
❌ kagoshima-city         公園のアーチモニュメントと広場              施設のモニュメントが主役で観光的魅力に欠ける
❌ mt-fuji-fifth          道路手前に富士山と樹林帯                 道路が主張しすぎ、曇天で彩度低く魅力に欠ける
✅ saiko                  西湖と富士山の雄大な湖畔風景               青空と富士山・湖面の輝きが絶景で訴求力高い
✅ nakasu                 中洲の川沿いに並ぶ屋台と夕暮れの街並み          川沿いの屋台街の雰囲気が伝わり行きたくなる景観
✅ senri                  日本庭園の流れと紅葉の木々                秋の庭園景観で訪れたくなる美しい風景
✅ zushi                  紅葉に囲まれた静かな池の水鏡               秋の自然美が映り込みで美しく行きたくなる景観
✅ biwako                 山上から望む琵琶湖と湖岸の街並み             琵琶湖を一望する雄大な景観で行きたくなる風景
❌ nabari                 駅前広場の銅像とビル群                  曇天の駅前風景で観光訴求力に欠ける
✅ mt-yatsugatake         蓼科高原の山頂から望む緑豊かな高原と山並み        広大な高原景観で行きたくなる開放感がある
❌ akita-yokote           白い3階建て一般建物と駐車場               学校や公共施設とみられる一般建物で観光魅力がない
✅ shizu-shimizu          テトラポットと青い海・空の景観              清水港らしい海景で旅情を感じられる風景写真
❌ miyagi-matsushima-2    塩釜港のフェリー乗り場と市街地              港湾施設・工場が主体で観光的魅力に欠ける
✅ anan                   夕日に輝く川面と山並みの風景               逆光の光が川面に反射し情緒ある景観で旅情を誘う
❌ tomakomai              ZEUS CITYの商業施設と交差点           一般商業ビルと道路・標識が主役で旅情感がない
❌ tendou                 将棋駒型の器に盛られたざる蕎麦              料理のクローズアップで風景写真として不適
❌ hokkaido-asahikawa     公共施設らしき建物と庭園                 一般建物の外観で観光訴求力に乏しい
✅ niseko                 青空と緑の山頂（ニセコアンヌプリ）            青空と緑の山肌が鮮やかで行きたくなる夏山景観
✅ sakai                  池に浮かぶ日本庭園の茶室風建物              水面の反射と緑が美しく旅情を誘う景観
✅ akashi                 大きな仏像と寺院本堂の外観                巨大仏像と社寺が映え、明石の観光地として行きたくなる景観
❌ toyota-city            国道155号標識とイオンモール外観            商業施設と道路標識が主役で旅情感がない
❌ obihiro                帯広駅舎と駅前ロータリー・バス              駅舎・バス停・道路が主役で旅情を誘う景観ではない
❌ toyohashi              豊橋市公会堂と周辺の行政施設               公共施設の外観写真で旅情を誘う景観ではないため

通過 27 / 落選 50 → logs/refill_images1_strict.json
