✅ suwa                   諏訪大社御柱祭の川越し神事                勇壮な伝統祭事で諏訪の魅力を強く伝える景観
✅ tokyo                  東京タワーと都心の高層ビル群の夕景            東京を象徴する景観で行きたくなる魅力的な一枚
❌ akita-oga              なまはげ像とホテル建物と駐車場              駐車場・道路が主役で曇天、観光地の魅力が伝わらない
❌ mimasaka               古い駅舎と道路・自動販売機                駅舎・道路・電柱が主役で旅情に欠ける
❌ miyazaki               宮崎空港ターミナルビルと駐車場              空港ターミナルと駐車場が主役で観光訴求力がない
✅ myoko                  赤い鳥居と杉木立に囲まれた神社参道            緑豊かな社寺の景観で訪問意欲を喚起できる
✅ tateyama-toyama        立山の火山地形と山岳パノラマ風景             荒々しい火山地形と雄大な山並みが立山らしさを表現
❌ otari-onsen            温泉施設の浴槽内部・洗い場                暗く白飛びあり、生活感強く旅情に欠ける
✅ minami-aizu            秋の山里、川と橋、集落の全景               紅葉の山を背景に川と集落が広がり行きたくなる景観
❌ toshima                海上から望む利島の山容と海岸               全体的に白みがかり低コントラストで魅力に欠ける
❌ aso                    住宅街越しに見る阿蘇山と雲                手前に建物や電柱が目立ち景観の魅力が薄い
❌ jozankei               紅葉の山を背景にした道路と車               道路・車が主役で景観より交通インフラが前面に出ている
❌ oarai                  アクアワールド大洗の外観と駐車場             手前に駐車場が広がり観光地として魅力が伝わらない
❌ takashima-shiga        神社境内の石造物と大木                  被写体が地味で散漫、行きたくなる魅力に欠ける
✅ niimi                  桜咲く新見市街と高梁川の眺望               桜と川と山に囲まれた街並みが行楽感を演出
❌ tsuruoka-kinzan        道路沿いから見た山と田畑と工場              電柱・道路・工場が目立ち景観写真として魅力に欠ける
✅ nachikatsuura          勝浦漁港の夕焼けと海面の反射               劇的な夕焼け空と港の景観が旅情を誘う
✅ hachimantai            八幡平の高原湖と緑の山並み                青い湖と緑豊かな高原の景観が魅力的で行きたくなる
❌ kitsuki                白壁の公共施設と案内看板                 一般建物と案内看板が主役で観光意欲が湧かない
❌ tsuyama                曇り空の河川敷と一般市街地の景観             曇天で殺風景な河川敷と平凡な街並みで魅力に欠ける
❌ murakami               村上駅前ロータリーの歓迎モニュメント           駅前広場・道路・案内看板が主役で観光訴求力がない
✅ kasama                 緑に囲まれた歴史ある木造社寺建築             笠間の古刹を感じさせる風格ある景観で旅情を誘う
❌ rikuzentakata          陸前高田市役所の庁舎外観                 市役所の一般建物であり観光訴求力がない
✅ koka                   森の中の小さな神社と鳥居                 緑豊かな境内の社が旅情を誘う風景
❌ higashihiroshima       東広島駅の駅舎外観                    駅舎は使用不可カテゴリに該当するため
✅ joetsu                 海水浴客でにぎわう上越の砂浜海岸             青空と日本海の開放感があり夏の魅力を伝える景観
❌ shinjou                新庄信用金庫の建物と駐車場                信用金庫・駐車場は観光魅力のない一般施設
❌ miyoshi-hiroshima      公共施設と冬枯れの庭園・駐車路              一般建物の外観で行きたくなる魅力に欠ける
❌ yatsushiro             濁流が流れる球磨川の洪水航空写真             災害記録の航空写真であり旅行意欲を損なう
❌ tsuchiura              交差点と横断歩道・信号・銀行看板             道路・交差点が主役で行きたくなる魅力に欠ける
✅ hakuba                 白馬村の街並みと雪を纏う北アルプス            雄大な山岳景観と秋の街並みが映え、訪問意欲を高める風景
❌ kisakata               道の駅や商業施設と駐車場                 駐車場と商業施設が主役で観光地の魅力が伝わらない
✅ yaizu                  焼津港の漁船と夕暮れの港湾景色              漁港の雰囲気と夕景が焼津らしさを伝える魅力的な風景
✅ tsunan                 青空の下に広がるスキー場のゲレンデ            雪山と晴天が映え、津南の冬を魅力的に伝える景観
❌ chokai-san             笙川ヒュッテの建物と奥に鳥海山              建物が主役で山が小さく暗め、魅力的な景観写真に欠ける
❌ nyukasa                冬の入笠山とスキー場のゲレンデ遠景            解像度が低く被写体が遠すぎ、手前の住宅や電柱が目立つ
❌ uchiko                 内子町立中学校の門柱と道路                学校の建物と道路が主役で観光訴求力がない
❌ echizen                道の駅越前の外観と駐車場                 道の駅の看板・駐車場が主役で観光訴求力がない
❌ iga                    公園内の岩石と象のオブジェ                被写体が地味で行きたい気持ちが湧かない
❌ kamaishi               駅のホームと線路が広がる鉄道施設             駅舎・ホーム・線路が主役で旅情感に欠ける
❌ ono-fukui              越前大野駅の駅舎外観                   駅舎は使用不可カテゴリに該当するため
❌ isawa-onsen            石和温泉駅の駅舎外観                   駅舎・駐車場が主役で旅情を感じる景観ではないため
❌ arita                  有田陶器市の屋外販売テントと建物             曇天で暗く、駐車場的な広場が主役で景観的魅力に欠ける
❌ chizu                  校庭越しに見える学校風建物と山              学校や公共施設とみられる一般建物が主役で観光訴求力が低い
❌ kashiwara-wine         柏原駅周辺の駅舎と道路の俯瞰               駅舎・道路・標識が主役で観光魅力が伝わらない
❌ tsubamesanjo           燕三条駅舎と駅前ロータリー                駅舎・駐車場・道路が主役で旅情を誘う景観ではない
❌ ikuno                  生野駅の駅舎と背後の山                  駅舎が主役であり使用不可の対象のため
❌ fuchu-hiroshima        府中市役所と思われる行政庁舎               市役所などの一般建物で観光訴求力がない
✅ mitoyo                 山頂から望む三豊の田園と山並み              広大な田園と山々の眺望が旅情を誘う風景
❌ sozogi                 断崖の滝とトンネル入口と海岸               トンネル構造物が目立ち景観の魅力が半減する
❌ iwaishima              祝島と周辺海域の航空写真                 航空写真の記録カットに該当するため

通過 15 / 落選 36 → logs/refill_images1_strict.json
