PICK furano: 新富良野プリンスホテル 風のガーデン（New Furano Prince Hotel Garden of the Wind） - panoramio.jpg
   候補: File:新富良野プリンスホテル 風のガーデン（New Furano Prince Hotel Garden of the Wind） - panoramio.jpg
   候補: File:新富良野プリンスホテル 風のガーデン（New Furano Prince Hotel Garden of the Wind） - panoramio (1).jpg
   候補: File:新富良野プリンスホテル 風のガーデン（New Furano Prince Hotel Garden of the Wind） - panoramio (2).jpg
   候補: File:新富良野プリンスホテル 風のガーデン（New Furano Prince Hotel Garden of the Wind） - panoramio (5).jpg
OK furano: 445874b | CC BY-SA 3.0
NOIMG jozankei: 候補なし
NOIMG sounkyo: 候補なし
NOIMG rebun-island: 候補なし
PICK rishiri-island: Rishiri fureai spa 2011.JPG
   候補: File:Rishiri fureai spa 2011.JPG
OK rishiri-island: 178766b | Public domain
PICK akan: Mt. Oakan from Akanko spa.JPG
   候補: File:Mt. Oakan from Akanko spa.JPG
   候補: File:Lake Akan Tsuruga Resort Spa Tsuruga Wings12n.jpg
   候補: File:Akan Yuku no Sato Tsuruga 01.JPG
OK akan: 379744b | Public domain
PICK abashiri: 130713 HOKUTEN NO OKA Lake Abashiri Tsuruga Resort Abashiri Hokkaido Japan03s3.jpg
   候補: File:130713 HOKUTEN NO OKA Lake Abashiri Tsuruga Resort Abashiri Hokkaido Japan03s3.jpg
   候補: File:130713 HOKUTEN NO OKA Lake Abashiri Tsuruga Resort Abashiri Hokkaido Japan13s3.jpg
   候補: File:130713 HOKUTEN NO OKA Lake Abashiri Tsuruga Resort Abashiri Hokkaido Japan19s3.jpg
   候補: File:130713 HOKUTEN NO OKA Lake Abashiri Tsuruga Resort Abashiri Hokkaido Japan21s3.jpg
OK abashiri: 198025b | CC BY 2.5
NOIMG shikotsu: 候補なし
NOIMG obihiro: 候補なし
NOIMG niseko: 候補なし
NOIMG daisetsuzan: 候補なし
NOIMG shiraoi: 候補なし
PICK tomamu: 星野リゾートホテルトマム リゾナーレ.JPG
   候補: File:星野リゾートホテルトマム リゾナーレ.JPG
   候補: File:トマム・タワー - panoramio.jpg
   候補: File:Hoshino Resort TOMAMU (48616310136).jpg
   候補: File:Risonare and Hoshino Tomamu.jpg
OK tomamu: 396751b | CC BY-SA 4.0
PICK hokkaido-hakodate: 望楼NOGUCHI函館 2015 (17241003606).jpg
   候補: File:望楼NOGUCHI函館 2015 (17241003606).jpg
   候補: File:Bourou Noguchi Hakodate.JPG
OK hokkaido-hakodate: 266073b | CC BY 2.0
PICK hokkaido-asahikawa: OMO7-Asahikawa01.JPG
   候補: File:OMO7-Asahikawa01.JPG
OK hokkaido-asahikawa: 455502b | CC BY 3.0
NOIMG hokkaido-kushiro: 候補なし
PICK onuma: (JPN-Hokkaido) Seibu Prince Hotels & Resorts 函館230さ5331 Hakodate Onuma Prince Hotel Shuttle 2026-06-07.jpg
   候補: File:(JPN-Hokkaido) Seibu Prince Hotels & Resorts 函館230さ5331 Hakodate Onuma Prince Hotel Shuttle 2026-06-07.jpg
OK onuma: 237214b | CC BY 4.0
NOIMG rausu: 候補なし
PICK saroma-ko: SAKURAKO - SAROMAKO TSURUGA RESORT hotel. (25300117879).jpg
   候補: File:SAKURAKO - SAROMAKO TSURUGA RESORT hotel. (25300117879).jpg
   候補: File:SAKURAKO - SAROMAKO TSURUGA RESORT hotel. (30899759916).jpg
   候補: File:SAKURAKO - SAROMAKO TSURUGA RESORT hotel. (25300206679).jpg
   候補: File:SAKIKO - SAROMAKO TSURUGA RESORT hotel. (22757363808).jpg
OK saroma-ko: 238099b | CC BY 2.0
PICK kussharo-ko: Kussharo Prince Hotel 屈斜路王子酒店 - panoramio.jpg
   候補: File:Kussharo Prince Hotel 屈斜路王子酒店 - panoramio.jpg
   候補: File:屈斜路王子飯店 Kussharo Prince Hotel - panoramio.jpg
   候補: File:屈斜路王子飯店 Kussharo Prince Hotel - panoramio (1).jpg
   候補: File:Kussharo Prince Hotel 斜屈路王子旅店 - panoramio.jpg
OK kussharo-ko: 351780b | CC BY 3.0
NOIMG sapporo: 候補なし
PICK akita-nyuto: Tsurunoyu Onsen 04.jpg
   候補: File:Tsurunoyu Onsen 04.jpg
   候補: File:Tsurunoyu onsen rotenburo.JPG
   候補: File:Tsurunoyu onsen rotenburo2.JPG
   候補: File:Tsurunoyu Onsen 05.jpg
OK akita-nyuto: 308856b | CC BY-SA 2.0
PICK tazawako: Pathway to the Qkamura Nyuto Onsenkyo.jpg
   候補: File:Pathway to the Qkamura Nyuto Onsenkyo.jpg
OK tazawako: 560195b | CC BY-SA 4.0
NOIMG oga: 候補なし
